[20:43:49] 发现 7 个模型: ['Botanic0_L', 'GENERator_v2_eukaryote_3b', 'NTv3_650M_pre', 'OryzaG3_32k', 'PlantCAD2_Large', 'agront_1b', 'rice_1B_stage2_8k']
[20:43:49]   载入 Botanic0_L                   dim=1500  (0.0s)
[20:43:49]   载入 GENERator_v2_eukaryote_3b    dim=3072  (0.1s)
[20:43:49]   载入 NTv3_650M_pre                dim=1536  (0.0s)
[20:43:49]   载入 OryzaG3_32k                  dim=1152  (0.0s)
[20:43:49]   载入 PlantCAD2_Large              dim=3072  (0.1s)
[20:43:49]   载入 agront_1b                    dim=1500  (0.0s)
[20:43:49]   载入 rice_1B_stage2_8k            dim=1024  (0.0s)
[20:43:49] 统一 bp 分箱: 5 箱, 有效箱 5/5, 有效样本 3000/3000 (100.0%)
[20:43:49] 每箱构成:
 bin   n  n_class  min_class_n  keep
   0 599        6           34  True
   1 598        6           26  True
   2 603        6           31  True
   3 598        6           19  True
   4 602        6           12  True
[20:43:49] CV 折分配完成（按 箱×类 分层, 5 折）
[20:43:49] 严格对照分箱 10 箱 → 有效箱 8/10，有效样本 2400 (80.0%)
 bin   n  n_class  min_class_n  keep
   0 298        6           13  True
   1 301        6           12  True
   2 296        6           13  True
   3 302        6           13  True
   4 296        6           18  True
   5 307        6           13  True
   6 300        6            3 False
   7 298        6           16  True
   8 302        6            8  True
   9 300        6            4 False
[20:45:23]   Botanic0_L: eff_rank raw=1.6 decon=24.2, top30保留=57.5%
[20:45:23]     k=8    global=0.6453  LM=0.6793  (94s)
[20:45:23]     k=16   global=0.6550  LM=0.6787  (94s)
[20:45:24]     k=32   global=0.6650  LM=0.6750  (95s)
[20:45:24]     k=64   global=0.6713  LM=0.6250  (95s)
[20:45:25]     k=128  global=0.6547  LM=0.5843  (96s)
[20:45:35]     k=256  global=0.6047  LM=0.5787  (106s)
[20:45:36]     严格对照 10 箱: LM=0.5587 过筛箱=8 覆盖=80.0%
[20:45:37]     legacy 口径: LM=0.5806 过筛箱=7 覆盖=16.1%
[20:45:37]   完成 Botanic0_L（108s）
[20:48:34]   GENERator_v2_eukaryote_3b: eff_rank raw=1.5 decon=5.2, top30保留=93.4%
[20:48:35]     k=8    global=0.6003  LM=0.6183  (178s)
[20:48:35]     k=16   global=0.6680  LM=0.6763  (178s)
[20:48:35]     k=32   global=0.6807  LM=0.6740  (179s)
[20:48:35]     k=64   global=0.6780  LM=0.6380  (179s)
[20:48:37]     k=128  global=0.6623  LM=0.6163  (180s)
[20:48:53]     k=256  global=0.6130  LM=0.5983  (196s)
[20:48:55]     严格对照 10 箱: LM=0.5904 过筛箱=8 覆盖=80.0%
[20:48:55]     legacy 口径: LM=0.5620 过筛箱=7 覆盖=16.1%
[20:48:55]   完成 GENERator_v2_eukaryote_3b（198s）
[20:50:33]   NTv3_650M_pre: eff_rank raw=1.0 decon=1.0, top30保留=100.0%
[20:50:33]     k=8    global=0.4900  LM=0.5673  (98s)
[20:50:33]     k=16   global=0.5317  LM=0.5850  (99s)
[20:50:34]     k=32   global=0.5923  LM=0.6173  (99s)
[20:50:34]     k=64   global=0.6197  LM=0.6240  (99s)
[20:50:36]     k=128  global=0.6287  LM=0.6177  (101s)
[20:51:09]     k=256  global=0.6297  LM=0.6043  (135s)
[20:51:11]     严格对照 10 箱: LM=0.6021 过筛箱=8 覆盖=80.0%
[20:51:11]     legacy 口径: LM=0.4980 过筛箱=4 覆盖=8.2%
[20:51:11]   完成 NTv3_650M_pre（136s）
[20:52:35]   OryzaG3_32k: eff_rank raw=19.3 decon=31.7, top30保留=52.1%
[20:52:35]     k=8    global=0.6010  LM=0.6430  (84s)
[20:52:35]     k=16   global=0.6400  LM=0.6653  (84s)
[20:52:35]     k=32   global=0.6570  LM=0.6753  (84s)
[20:52:36]     k=64   global=0.6737  LM=0.6347  (85s)
[20:52:37]     k=128  global=0.6547  LM=0.6033  (86s)
[20:52:50]     k=256  global=0.6117  LM=0.5937  (99s)
[20:52:51]     严格对照 10 箱: LM=0.5737 过筛箱=8 覆盖=80.0%
[20:52:52]     legacy 口径: LM=0.6640 过筛箱=4 覆盖=8.4%
[20:52:52]   完成 OryzaG3_32k（101s）
[20:55:57]   PlantCAD2_Large: eff_rank raw=5.1 decon=6.9, top30保留=88.6%
[20:55:57]     k=8    global=0.6697  LM=0.7080  (185s)
[20:55:57]     k=16   global=0.7210  LM=0.7363  (185s)
[20:55:58]     k=32   global=0.7290  LM=0.7280  (186s)
[20:55:58]     k=64   global=0.7333  LM=0.6943  (186s)
[20:55:59]     k=128  global=0.7240  LM=0.6683  (187s)
[20:56:17]     k=256  global=0.6740  LM=0.6757  (205s)
[20:56:18]     严格对照 10 箱: LM=0.6475 过筛箱=8 覆盖=80.0%
[20:56:18]     legacy 口径: LM=0.5749 过筛箱=4 覆盖=8.2%
[20:56:18]   完成 PlantCAD2_Large（207s）
[20:57:54]   agront_1b: eff_rank raw=21.6 decon=51.3, top30保留=52.0%
[20:57:54]     k=8    global=0.5780  LM=0.6333  (96s)
[20:57:54]     k=16   global=0.6077  LM=0.6410  (96s)
[20:57:55]     k=32   global=0.6230  LM=0.6190  (96s)
[20:57:55]     k=64   global=0.6160  LM=0.5753  (97s)
[20:57:56]     k=128  global=0.6027  LM=0.5337  (98s)
[20:58:07]     k=256  global=0.5617  LM=0.5390  (109s)
[20:58:08]     严格对照 10 箱: LM=0.5088 过筛箱=8 覆盖=80.0%
[20:58:08]     legacy 口径: LM=0.5372 过筛箱=7 覆盖=16.1%
[20:58:08]   完成 agront_1b（110s）
[20:59:24]   rice_1B_stage2_8k: eff_rank raw=1.8 decon=5.9, top30保留=96.6%
[20:59:25]     k=8    global=0.6390  LM=0.6790  (76s)
[20:59:25]     k=16   global=0.6830  LM=0.7010  (76s)
[20:59:25]     k=32   global=0.6990  LM=0.7037  (77s)
[20:59:26]     k=64   global=0.7147  LM=0.6790  (77s)
[20:59:27]     k=128  global=0.6963  LM=0.6477  (78s)
[20:59:43]     k=256  global=0.6420  LM=0.6280  (94s)
[20:59:44]     严格对照 10 箱: LM=0.6183 过筛箱=8 覆盖=80.0%
[20:59:45]     legacy 口径: LM=0.5709 过筛箱=4 覆盖=8.2%
[20:59:45]   完成 rice_1B_stage2_8k（96s）

==============================================================================================================
跨模型公平对比（统一 bp 分箱 5 箱 | 6 类 | n=3000 | k_ref=128 | 5 折 | 随机猜测=0.167）
==============================================================================================================
                    model  eff_rank  top30_var_pct  n_bins  coverage_pct  lm@k128  lm@bins10@k128  global@k128  lm@length_only  global@length_only  lm@k8  global@k8  lm@k16  global@k16  lm@k32  global@k32  lm@k64  global@k64  lm@k256  global@k256  bins10_n_bins  bins10_coverage_pct  lm_legacy@k128  legacy_n_bins  legacy_coverage_pct
          PlantCAD2_Large      6.93           88.6       5         100.0   0.6683          0.6475       0.7240          0.3647              0.3087 0.7080     0.6697  0.7363      0.7210  0.7280      0.7290  0.6943      0.7333   0.6757       0.6740              8                 80.0          0.5749              4                  8.2
        rice_1B_stage2_8k      5.87           96.6       5         100.0   0.6477          0.6183       0.6963          0.3647              0.3087 0.6790     0.6390  0.7010      0.6830  0.7037      0.6990  0.6790      0.7147   0.6280       0.6420              8                 80.0          0.5709              4                  8.2
            NTv3_650M_pre      1.03          100.0       5         100.0   0.6177          0.6021       0.6287          0.3647              0.3087 0.5673     0.4900  0.5850      0.5317  0.6173      0.5923  0.6240      0.6197   0.6043       0.6297              8                 80.0          0.4980              4                  8.2
GENERator_v2_eukaryote_3b      5.21           93.4       5         100.0   0.6163          0.5904       0.6623          0.3647              0.3087 0.6183     0.6003  0.6763      0.6680  0.6740      0.6807  0.6380      0.6780   0.5983       0.6130              8                 80.0          0.5620              7                 16.1
              OryzaG3_32k     31.74           52.1       5         100.0   0.6033          0.5738       0.6547          0.3647              0.3087 0.6430     0.6010  0.6653      0.6400  0.6753      0.6570  0.6347      0.6737   0.5937       0.6117              8                 80.0          0.6640              4                  8.4
               Botanic0_L     24.24           57.5       5         100.0   0.5843          0.5588       0.6547          0.3647              0.3087 0.6793     0.6453  0.6787      0.6550  0.6750      0.6650  0.6250      0.6713   0.5787       0.6047              8                 80.0          0.5806              7                 16.1
                agront_1b     51.28           52.0       5         100.0   0.5337          0.5088       0.6027          0.3647              0.3087 0.6333     0.5780  0.6410      0.6077  0.6190      0.6230  0.5753      0.6160   0.5390       0.5617              8                 80.0          0.5372              7                 16.1

【长度匹配口径 @k=128 的配对 McNemar（已 Holm 校正）】
                  model_a                   model_b  acc_a  acc_b   delta   ci_lo   ci_hi  p_holm  significant
          PlantCAD2_Large                 agront_1b 0.6683 0.5337  0.1347  0.1143  0.1540  0.0000         True
            NTv3_650M_pre                 agront_1b 0.6177 0.5337  0.0840  0.0640  0.1037  0.0000         True
GENERator_v2_eukaryote_3b                 agront_1b 0.6163 0.5337  0.0827  0.0623  0.1027  0.0000         True
              OryzaG3_32k                 agront_1b 0.6033 0.5337  0.0697  0.0473  0.0917  0.0000         True
               Botanic0_L                 agront_1b 0.5843 0.5337  0.0507  0.0307  0.0710  0.0000         True
          PlantCAD2_Large         rice_1B_stage2_8k 0.6683 0.6477  0.0207  0.0013  0.0407  0.1985        False
            NTv3_650M_pre               OryzaG3_32k 0.6177 0.6033  0.0143 -0.0047  0.0340  0.4725        False
GENERator_v2_eukaryote_3b               OryzaG3_32k 0.6163 0.6033  0.0130 -0.0087  0.0327  0.4725        False
GENERator_v2_eukaryote_3b             NTv3_650M_pre 0.6163 0.6177 -0.0013 -0.0207  0.0177  0.9180        False
               Botanic0_L               OryzaG3_32k 0.5843 0.6033 -0.0190 -0.0393  0.0017  0.2668        False
            NTv3_650M_pre         rice_1B_stage2_8k 0.6177 0.6477 -0.0300 -0.0500 -0.0100  0.0179         True
GENERator_v2_eukaryote_3b         rice_1B_stage2_8k 0.6163 0.6477 -0.0313 -0.0500 -0.0120  0.0156         True
               Botanic0_L GENERator_v2_eukaryote_3b 0.5843 0.6163 -0.0320 -0.0513 -0.0127  0.0139         True
               Botanic0_L             NTv3_650M_pre 0.5843 0.6177 -0.0333 -0.0537 -0.0147  0.0055         True
              OryzaG3_32k         rice_1B_stage2_8k 0.6033 0.6477 -0.0443 -0.0647 -0.0240  0.0002         True
            NTv3_650M_pre           PlantCAD2_Large 0.6177 0.6683 -0.0507 -0.0693 -0.0323  0.0000         True
GENERator_v2_eukaryote_3b           PlantCAD2_Large 0.6163 0.6683 -0.0520 -0.0710 -0.0330  0.0000         True
               Botanic0_L         rice_1B_stage2_8k 0.5843 0.6477 -0.0633 -0.0830 -0.0433  0.0000         True
              OryzaG3_32k           PlantCAD2_Large 0.6033 0.6683 -0.0650 -0.0843 -0.0470  0.0000         True
               Botanic0_L           PlantCAD2_Large 0.5843 0.6683 -0.0840 -0.1023 -0.0650  0.0000         True
                agront_1b         rice_1B_stage2_8k 0.5337 0.6477 -0.1140 -0.1347 -0.0937  0.0000         True
[20:59:48] 全部产物已写入 /mnt/rice/default/Workspace/yangdong/ai4research/new_project/evaluate/func_embedding/script/fair_compare_out
