/mnt/rice/default/Workspace/yangdong/ai4research/rice_server/rice_mut/frontend/app.py:1067: UserWarning: The parameters have been moved from the Blocks constructor to the launch() method in Gradio 6.0: theme, css. Please pass these parameters to launch() instead.
  with gr.Blocks(
Traceback (most recent call last):
  File "/mnt/rice/default/Workspace/yangdong/ai4research/rice_server/rice_mut/frontend/app.py", line 1303, in <module>
    demo.queue().launch(
  File "/root/miniconda3/envs/rice_reg/lib/python3.10/site-packages/gradio/blocks.py", line 2720, in launch
    ) = http_server.start_server(
  File "/root/miniconda3/envs/rice_reg/lib/python3.10/site-packages/gradio/http_server.py", line 157, in start_server
    raise OSError(
OSError: Cannot find empty port in range: 8000-8000. You can specify a different port by setting the GRADIO_SERVER_PORT environment variable or passing the `server_port` parameter to `launch()`.
Traceback (most recent call last):
  File "/mnt/rice/default/Workspace/yangdong/ai4research/rice_server/rice_mut/frontend/app.py", line 1303, in <module>
    demo.queue().launch(
  File "/root/miniconda3/envs/rice_reg/lib/python3.10/site-packages/gradio/blocks.py", line 2720, in launch
    ) = http_server.start_server(
  File "/root/miniconda3/envs/rice_reg/lib/python3.10/site-packages/gradio/http_server.py", line 157, in start_server
    raise OSError(
OSError: Cannot find empty port in range: 8000-8000. You can specify a different port by setting the GRADIO_SERVER_PORT environment variable or passing the `server_port` parameter to `launch()`.
ERROR:    Exception in ASGI application
Traceback (most recent call last):
  File "/root/miniconda3/envs/rice_reg/lib/python3.10/site-packages/httpx/_transports/default.py", line 101, in map_httpcore_exceptions
    yield
  File "/root/miniconda3/envs/rice_reg/lib/python3.10/site-packages/httpx/_transports/default.py", line 394, in handle_async_request
    resp = await self._pool.handle_async_request(req)
  File "/root/miniconda3/envs/rice_reg/lib/python3.10/site-packages/httpcore/_async/connection_pool.py", line 256, in handle_async_request
    raise exc from None
  File "/root/miniconda3/envs/rice_reg/lib/python3.10/site-packages/httpcore/_async/connection_pool.py", line 236, in handle_async_request
    response = await connection.handle_async_request(
  File "/root/miniconda3/envs/rice_reg/lib/python3.10/site-packages/httpcore/_async/connection.py", line 101, in handle_async_request
    raise exc
  File "/root/miniconda3/envs/rice_reg/lib/python3.10/site-packages/httpcore/_async/connection.py", line 78, in handle_async_request
    stream = await self._connect(request)
  File "/root/miniconda3/envs/rice_reg/lib/python3.10/site-packages/httpcore/_async/connection.py", line 124, in _connect
    stream = await self._network_backend.connect_tcp(**kwargs)
  File "/root/miniconda3/envs/rice_reg/lib/python3.10/site-packages/httpcore/_backends/auto.py", line 31, in connect_tcp
    return await self._backend.connect_tcp(
  File "/root/miniconda3/envs/rice_reg/lib/python3.10/site-packages/httpcore/_backends/anyio.py", line 113, in connect_tcp
    with map_exceptions(exc_map):
  File "/root/miniconda3/envs/rice_reg/lib/python3.10/contextlib.py", line 153, in __exit__
    self.gen.throw(typ, value, traceback)
  File "/root/miniconda3/envs/rice_reg/lib/python3.10/site-packages/httpcore/_exceptions.py", line 14, in map_exceptions
    raise to_exc(exc) from exc
httpcore.ConnectError: All connection attempts failed

The above exception was the direct cause of the following exception:

Traceback (most recent call last):
  File "/root/miniconda3/envs/rice_reg/lib/python3.10/site-packages/uvicorn/protocols/http/h11_impl.py", line 415, in run_asgi
    result = await app(  # type: ignore[func-returns-value]
  File "/root/miniconda3/envs/rice_reg/lib/python3.10/site-packages/uvicorn/middleware/proxy_headers.py", line 62, in __call__
    return await self.app(scope, receive, send)
  File "/root/miniconda3/envs/rice_reg/lib/python3.10/site-packages/fastapi/applications.py", line 1159, in __call__
    await super().__call__(scope, receive, send)
  File "/root/miniconda3/envs/rice_reg/lib/python3.10/site-packages/starlette/applications.py", line 107, in __call__
    await self.middleware_stack(scope, receive, send)
  File "/root/miniconda3/envs/rice_reg/lib/python3.10/site-packages/starlette/middleware/errors.py", line 186, in __call__
    raise exc
  File "/root/miniconda3/envs/rice_reg/lib/python3.10/site-packages/starlette/middleware/errors.py", line 164, in __call__
    await self.app(scope, receive, _send)
  File "/root/miniconda3/envs/rice_reg/lib/python3.10/site-packages/gradio/brotli_middleware.py", line 85, in __call__
    await br_responder(scope, receive, send)
  File "/root/miniconda3/envs/rice_reg/lib/python3.10/site-packages/gradio/brotli_middleware.py", line 152, in __call__
    await self.app(scope, receive, self.send_with_brotli)
  File "/root/miniconda3/envs/rice_reg/lib/python3.10/site-packages/gradio/route_utils.py", line 882, in __call__
    await self.app(scope, receive, send)
  File "/root/miniconda3/envs/rice_reg/lib/python3.10/site-packages/starlette/middleware/exceptions.py", line 63, in __call__
    await wrap_app_handling_exceptions(self.app, conn)(scope, receive, send)
  File "/root/miniconda3/envs/rice_reg/lib/python3.10/site-packages/starlette/_exception_handler.py", line 53, in wrapped_app
    raise exc
  File "/root/miniconda3/envs/rice_reg/lib/python3.10/site-packages/starlette/_exception_handler.py", line 42, in wrapped_app
    await app(scope, receive, sender)
  File "/root/miniconda3/envs/rice_reg/lib/python3.10/site-packages/fastapi/middleware/asyncexitstack.py", line 18, in __call__
    await self.app(scope, receive, send)
  File "/root/miniconda3/envs/rice_reg/lib/python3.10/site-packages/starlette/routing.py", line 716, in __call__
    await self.middleware_stack(scope, receive, send)
  File "/root/miniconda3/envs/rice_reg/lib/python3.10/site-packages/starlette/routing.py", line 736, in app
    await route.handle(scope, receive, send)
  File "/root/miniconda3/envs/rice_reg/lib/python3.10/site-packages/starlette/routing.py", line 290, in handle
    await self.app(scope, receive, send)
  File "/root/miniconda3/envs/rice_reg/lib/python3.10/site-packages/fastapi/routing.py", line 134, in app
    await wrap_app_handling_exceptions(app, request)(scope, receive, send)
  File "/root/miniconda3/envs/rice_reg/lib/python3.10/site-packages/starlette/_exception_handler.py", line 53, in wrapped_app
    raise exc
  File "/root/miniconda3/envs/rice_reg/lib/python3.10/site-packages/starlette/_exception_handler.py", line 42, in wrapped_app
    await app(scope, receive, sender)
  File "/root/miniconda3/envs/rice_reg/lib/python3.10/site-packages/fastapi/routing.py", line 120, in app
    response = await f(request)
  File "/root/miniconda3/envs/rice_reg/lib/python3.10/site-packages/fastapi/routing.py", line 674, in app
    raw_response = await run_endpoint_function(
  File "/root/miniconda3/envs/rice_reg/lib/python3.10/site-packages/fastapi/routing.py", line 328, in run_endpoint_function
    return await dependant.call(**values)
  File "/mnt/rice/default/Workspace/yangdong/ai4research/rice_server/rice_mut/frontend/app.py", line 1362, in _backend_proxy
    upstream = await client.request(
  File "/root/miniconda3/envs/rice_reg/lib/python3.10/site-packages/httpx/_client.py", line 1540, in request
    return await self.send(request, auth=auth, follow_redirects=follow_redirects)
  File "/root/miniconda3/envs/rice_reg/lib/python3.10/site-packages/httpx/_client.py", line 1629, in send
    response = await self._send_handling_auth(
  File "/root/miniconda3/envs/rice_reg/lib/python3.10/site-packages/httpx/_client.py", line 1657, in _send_handling_auth
    response = await self._send_handling_redirects(
  File "/root/miniconda3/envs/rice_reg/lib/python3.10/site-packages/httpx/_client.py", line 1694, in _send_handling_redirects
    response = await self._send_single_request(request)
  File "/root/miniconda3/envs/rice_reg/lib/python3.10/site-packages/httpx/_client.py", line 1730, in _send_single_request
    response = await transport.handle_async_request(request)
  File "/root/miniconda3/envs/rice_reg/lib/python3.10/site-packages/httpx/_transports/default.py", line 393, in handle_async_request
    with map_httpcore_exceptions():
  File "/root/miniconda3/envs/rice_reg/lib/python3.10/contextlib.py", line 153, in __exit__
    self.gen.throw(typ, value, traceback)
  File "/root/miniconda3/envs/rice_reg/lib/python3.10/site-packages/httpx/_transports/default.py", line 118, in map_httpcore_exceptions
    raise mapped_exc(message) from exc
httpx.ConnectError: All connection attempts failed
ERROR:    Exception in ASGI application
Traceback (most recent call last):
  File "/root/miniconda3/envs/rice_reg/lib/python3.10/site-packages/httpx/_transports/default.py", line 101, in map_httpcore_exceptions
    yield
  File "/root/miniconda3/envs/rice_reg/lib/python3.10/site-packages/httpx/_transports/default.py", line 394, in handle_async_request
    resp = await self._pool.handle_async_request(req)
  File "/root/miniconda3/envs/rice_reg/lib/python3.10/site-packages/httpcore/_async/connection_pool.py", line 256, in handle_async_request
    raise exc from None
  File "/root/miniconda3/envs/rice_reg/lib/python3.10/site-packages/httpcore/_async/connection_pool.py", line 236, in handle_async_request
    response = await connection.handle_async_request(
  File "/root/miniconda3/envs/rice_reg/lib/python3.10/site-packages/httpcore/_async/connection.py", line 101, in handle_async_request
    raise exc
  File "/root/miniconda3/envs/rice_reg/lib/python3.10/site-packages/httpcore/_async/connection.py", line 78, in handle_async_request
    stream = await self._connect(request)
  File "/root/miniconda3/envs/rice_reg/lib/python3.10/site-packages/httpcore/_async/connection.py", line 124, in _connect
    stream = await self._network_backend.connect_tcp(**kwargs)
  File "/root/miniconda3/envs/rice_reg/lib/python3.10/site-packages/httpcore/_backends/auto.py", line 31, in connect_tcp
    return await self._backend.connect_tcp(
  File "/root/miniconda3/envs/rice_reg/lib/python3.10/site-packages/httpcore/_backends/anyio.py", line 113, in connect_tcp
    with map_exceptions(exc_map):
  File "/root/miniconda3/envs/rice_reg/lib/python3.10/contextlib.py", line 153, in __exit__
    self.gen.throw(typ, value, traceback)
  File "/root/miniconda3/envs/rice_reg/lib/python3.10/site-packages/httpcore/_exceptions.py", line 14, in map_exceptions
    raise to_exc(exc) from exc
httpcore.ConnectError: All connection attempts failed

The above exception was the direct cause of the following exception:

Traceback (most recent call last):
  File "/root/miniconda3/envs/rice_reg/lib/python3.10/site-packages/uvicorn/protocols/http/h11_impl.py", line 415, in run_asgi
    result = await app(  # type: ignore[func-returns-value]
  File "/root/miniconda3/envs/rice_reg/lib/python3.10/site-packages/uvicorn/middleware/proxy_headers.py", line 62, in __call__
    return await self.app(scope, receive, send)
  File "/root/miniconda3/envs/rice_reg/lib/python3.10/site-packages/fastapi/applications.py", line 1159, in __call__
    await super().__call__(scope, receive, send)
  File "/root/miniconda3/envs/rice_reg/lib/python3.10/site-packages/starlette/applications.py", line 107, in __call__
    await self.middleware_stack(scope, receive, send)
  File "/root/miniconda3/envs/rice_reg/lib/python3.10/site-packages/starlette/middleware/errors.py", line 186, in __call__
    raise exc
  File "/root/miniconda3/envs/rice_reg/lib/python3.10/site-packages/starlette/middleware/errors.py", line 164, in __call__
    await self.app(scope, receive, _send)
  File "/root/miniconda3/envs/rice_reg/lib/python3.10/site-packages/gradio/brotli_middleware.py", line 85, in __call__
    await br_responder(scope, receive, send)
  File "/root/miniconda3/envs/rice_reg/lib/python3.10/site-packages/gradio/brotli_middleware.py", line 152, in __call__
    await self.app(scope, receive, self.send_with_brotli)
  File "/root/miniconda3/envs/rice_reg/lib/python3.10/site-packages/gradio/route_utils.py", line 882, in __call__
    await self.app(scope, receive, send)
  File "/root/miniconda3/envs/rice_reg/lib/python3.10/site-packages/starlette/middleware/exceptions.py", line 63, in __call__
    await wrap_app_handling_exceptions(self.app, conn)(scope, receive, send)
  File "/root/miniconda3/envs/rice_reg/lib/python3.10/site-packages/starlette/_exception_handler.py", line 53, in wrapped_app
    raise exc
  File "/root/miniconda3/envs/rice_reg/lib/python3.10/site-packages/starlette/_exception_handler.py", line 42, in wrapped_app
    await app(scope, receive, sender)
  File "/root/miniconda3/envs/rice_reg/lib/python3.10/site-packages/fastapi/middleware/asyncexitstack.py", line 18, in __call__
    await self.app(scope, receive, send)
  File "/root/miniconda3/envs/rice_reg/lib/python3.10/site-packages/starlette/routing.py", line 716, in __call__
    await self.middleware_stack(scope, receive, send)
  File "/root/miniconda3/envs/rice_reg/lib/python3.10/site-packages/starlette/routing.py", line 736, in app
    await route.handle(scope, receive, send)
  File "/root/miniconda3/envs/rice_reg/lib/python3.10/site-packages/starlette/routing.py", line 290, in handle
    await self.app(scope, receive, send)
  File "/root/miniconda3/envs/rice_reg/lib/python3.10/site-packages/fastapi/routing.py", line 134, in app
    await wrap_app_handling_exceptions(app, request)(scope, receive, send)
  File "/root/miniconda3/envs/rice_reg/lib/python3.10/site-packages/starlette/_exception_handler.py", line 53, in wrapped_app
    raise exc
  File "/root/miniconda3/envs/rice_reg/lib/python3.10/site-packages/starlette/_exception_handler.py", line 42, in wrapped_app
    await app(scope, receive, sender)
  File "/root/miniconda3/envs/rice_reg/lib/python3.10/site-packages/fastapi/routing.py", line 120, in app
    response = await f(request)
  File "/root/miniconda3/envs/rice_reg/lib/python3.10/site-packages/fastapi/routing.py", line 674, in app
    raw_response = await run_endpoint_function(
  File "/root/miniconda3/envs/rice_reg/lib/python3.10/site-packages/fastapi/routing.py", line 328, in run_endpoint_function
    return await dependant.call(**values)
  File "/mnt/rice/default/Workspace/yangdong/ai4research/rice_server/rice_mut/frontend/app.py", line 1365, in _backend_proxy
    upstream = await client.request(
  File "/root/miniconda3/envs/rice_reg/lib/python3.10/site-packages/httpx/_client.py", line 1540, in request
    return await self.send(request, auth=auth, follow_redirects=follow_redirects)
  File "/root/miniconda3/envs/rice_reg/lib/python3.10/site-packages/httpx/_client.py", line 1629, in send
    response = await self._send_handling_auth(
  File "/root/miniconda3/envs/rice_reg/lib/python3.10/site-packages/httpx/_client.py", line 1657, in _send_handling_auth
    response = await self._send_handling_redirects(
  File "/root/miniconda3/envs/rice_reg/lib/python3.10/site-packages/httpx/_client.py", line 1694, in _send_handling_redirects
    response = await self._send_single_request(request)
  File "/root/miniconda3/envs/rice_reg/lib/python3.10/site-packages/httpx/_client.py", line 1730, in _send_single_request
    response = await transport.handle_async_request(request)
  File "/root/miniconda3/envs/rice_reg/lib/python3.10/site-packages/httpx/_transports/default.py", line 393, in handle_async_request
    with map_httpcore_exceptions():
  File "/root/miniconda3/envs/rice_reg/lib/python3.10/contextlib.py", line 153, in __exit__
    self.gen.throw(typ, value, traceback)
  File "/root/miniconda3/envs/rice_reg/lib/python3.10/site-packages/httpx/_transports/default.py", line 118, in map_httpcore_exceptions
    raise mapped_exc(message) from exc
httpx.ConnectError: All connection attempts failed
ERROR:    Exception in ASGI application
Traceback (most recent call last):
  File "/root/miniconda3/envs/rice_reg/lib/python3.10/site-packages/httpx/_transports/default.py", line 101, in map_httpcore_exceptions
    yield
  File "/root/miniconda3/envs/rice_reg/lib/python3.10/site-packages/httpx/_transports/default.py", line 394, in handle_async_request
    resp = await self._pool.handle_async_request(req)
  File "/root/miniconda3/envs/rice_reg/lib/python3.10/site-packages/httpcore/_async/connection_pool.py", line 256, in handle_async_request
    raise exc from None
  File "/root/miniconda3/envs/rice_reg/lib/python3.10/site-packages/httpcore/_async/connection_pool.py", line 236, in handle_async_request
    response = await connection.handle_async_request(
  File "/root/miniconda3/envs/rice_reg/lib/python3.10/site-packages/httpcore/_async/connection.py", line 101, in handle_async_request
    raise exc
  File "/root/miniconda3/envs/rice_reg/lib/python3.10/site-packages/httpcore/_async/connection.py", line 78, in handle_async_request
    stream = await self._connect(request)
  File "/root/miniconda3/envs/rice_reg/lib/python3.10/site-packages/httpcore/_async/connection.py", line 124, in _connect
    stream = await self._network_backend.connect_tcp(**kwargs)
  File "/root/miniconda3/envs/rice_reg/lib/python3.10/site-packages/httpcore/_backends/auto.py", line 31, in connect_tcp
    return await self._backend.connect_tcp(
  File "/root/miniconda3/envs/rice_reg/lib/python3.10/site-packages/httpcore/_backends/anyio.py", line 113, in connect_tcp
    with map_exceptions(exc_map):
  File "/root/miniconda3/envs/rice_reg/lib/python3.10/contextlib.py", line 153, in __exit__
    self.gen.throw(typ, value, traceback)
  File "/root/miniconda3/envs/rice_reg/lib/python3.10/site-packages/httpcore/_exceptions.py", line 14, in map_exceptions
    raise to_exc(exc) from exc
httpcore.ConnectError: All connection attempts failed

The above exception was the direct cause of the following exception:

Traceback (most recent call last):
  File "/root/miniconda3/envs/rice_reg/lib/python3.10/site-packages/uvicorn/protocols/http/h11_impl.py", line 415, in run_asgi
    result = await app(  # type: ignore[func-returns-value]
  File "/root/miniconda3/envs/rice_reg/lib/python3.10/site-packages/uvicorn/middleware/proxy_headers.py", line 62, in __call__
    return await self.app(scope, receive, send)
  File "/root/miniconda3/envs/rice_reg/lib/python3.10/site-packages/fastapi/applications.py", line 1159, in __call__
    await super().__call__(scope, receive, send)
  File "/root/miniconda3/envs/rice_reg/lib/python3.10/site-packages/starlette/applications.py", line 107, in __call__
    await self.middleware_stack(scope, receive, send)
  File "/root/miniconda3/envs/rice_reg/lib/python3.10/site-packages/starlette/middleware/errors.py", line 186, in __call__
    raise exc
  File "/root/miniconda3/envs/rice_reg/lib/python3.10/site-packages/starlette/middleware/errors.py", line 164, in __call__
    await self.app(scope, receive, _send)
  File "/root/miniconda3/envs/rice_reg/lib/python3.10/site-packages/gradio/brotli_middleware.py", line 85, in __call__
    await br_responder(scope, receive, send)
  File "/root/miniconda3/envs/rice_reg/lib/python3.10/site-packages/gradio/brotli_middleware.py", line 152, in __call__
    await self.app(scope, receive, self.send_with_brotli)
  File "/root/miniconda3/envs/rice_reg/lib/python3.10/site-packages/gradio/route_utils.py", line 882, in __call__
    await self.app(scope, receive, send)
  File "/root/miniconda3/envs/rice_reg/lib/python3.10/site-packages/starlette/middleware/exceptions.py", line 63, in __call__
    await wrap_app_handling_exceptions(self.app, conn)(scope, receive, send)
  File "/root/miniconda3/envs/rice_reg/lib/python3.10/site-packages/starlette/_exception_handler.py", line 53, in wrapped_app
    raise exc
  File "/root/miniconda3/envs/rice_reg/lib/python3.10/site-packages/starlette/_exception_handler.py", line 42, in wrapped_app
    await app(scope, receive, sender)
  File "/root/miniconda3/envs/rice_reg/lib/python3.10/site-packages/fastapi/middleware/asyncexitstack.py", line 18, in __call__
    await self.app(scope, receive, send)
  File "/root/miniconda3/envs/rice_reg/lib/python3.10/site-packages/starlette/routing.py", line 716, in __call__
    await self.middleware_stack(scope, receive, send)
  File "/root/miniconda3/envs/rice_reg/lib/python3.10/site-packages/starlette/routing.py", line 736, in app
    await route.handle(scope, receive, send)
  File "/root/miniconda3/envs/rice_reg/lib/python3.10/site-packages/starlette/routing.py", line 290, in handle
    await self.app(scope, receive, send)
  File "/root/miniconda3/envs/rice_reg/lib/python3.10/site-packages/fastapi/routing.py", line 134, in app
    await wrap_app_handling_exceptions(app, request)(scope, receive, send)
  File "/root/miniconda3/envs/rice_reg/lib/python3.10/site-packages/starlette/_exception_handler.py", line 53, in wrapped_app
    raise exc
  File "/root/miniconda3/envs/rice_reg/lib/python3.10/site-packages/starlette/_exception_handler.py", line 42, in wrapped_app
    await app(scope, receive, sender)
  File "/root/miniconda3/envs/rice_reg/lib/python3.10/site-packages/fastapi/routing.py", line 120, in app
    response = await f(request)
  File "/root/miniconda3/envs/rice_reg/lib/python3.10/site-packages/fastapi/routing.py", line 674, in app
    raw_response = await run_endpoint_function(
  File "/root/miniconda3/envs/rice_reg/lib/python3.10/site-packages/fastapi/routing.py", line 328, in run_endpoint_function
    return await dependant.call(**values)
  File "/mnt/rice/default/Workspace/yangdong/ai4research/rice_server/rice_mut/frontend/app.py", line 1365, in _backend_proxy
    upstream = await client.request(
  File "/root/miniconda3/envs/rice_reg/lib/python3.10/site-packages/httpx/_client.py", line 1540, in request
    return await self.send(request, auth=auth, follow_redirects=follow_redirects)
  File "/root/miniconda3/envs/rice_reg/lib/python3.10/site-packages/httpx/_client.py", line 1629, in send
    response = await self._send_handling_auth(
  File "/root/miniconda3/envs/rice_reg/lib/python3.10/site-packages/httpx/_client.py", line 1657, in _send_handling_auth
    response = await self._send_handling_redirects(
  File "/root/miniconda3/envs/rice_reg/lib/python3.10/site-packages/httpx/_client.py", line 1694, in _send_handling_redirects
    response = await self._send_single_request(request)
  File "/root/miniconda3/envs/rice_reg/lib/python3.10/site-packages/httpx/_client.py", line 1730, in _send_single_request
    response = await transport.handle_async_request(request)
  File "/root/miniconda3/envs/rice_reg/lib/python3.10/site-packages/httpx/_transports/default.py", line 393, in handle_async_request
    with map_httpcore_exceptions():
  File "/root/miniconda3/envs/rice_reg/lib/python3.10/contextlib.py", line 153, in __exit__
    self.gen.throw(typ, value, traceback)
  File "/root/miniconda3/envs/rice_reg/lib/python3.10/site-packages/httpx/_transports/default.py", line 118, in map_httpcore_exceptions
    raise mapped_exc(message) from exc
httpx.ConnectError: All connection attempts failed
ERROR:    Exception in ASGI application
Traceback (most recent call last):
  File "/root/miniconda3/envs/rice_reg/lib/python3.10/site-packages/httpx/_transports/default.py", line 101, in map_httpcore_exceptions
    yield
  File "/root/miniconda3/envs/rice_reg/lib/python3.10/site-packages/httpx/_transports/default.py", line 394, in handle_async_request
    resp = await self._pool.handle_async_request(req)
  File "/root/miniconda3/envs/rice_reg/lib/python3.10/site-packages/httpcore/_async/connection_pool.py", line 256, in handle_async_request
    raise exc from None
  File "/root/miniconda3/envs/rice_reg/lib/python3.10/site-packages/httpcore/_async/connection_pool.py", line 236, in handle_async_request
    response = await connection.handle_async_request(
  File "/root/miniconda3/envs/rice_reg/lib/python3.10/site-packages/httpcore/_async/connection.py", line 101, in handle_async_request
    raise exc
  File "/root/miniconda3/envs/rice_reg/lib/python3.10/site-packages/httpcore/_async/connection.py", line 78, in handle_async_request
    stream = await self._connect(request)
  File "/root/miniconda3/envs/rice_reg/lib/python3.10/site-packages/httpcore/_async/connection.py", line 124, in _connect
    stream = await self._network_backend.connect_tcp(**kwargs)
  File "/root/miniconda3/envs/rice_reg/lib/python3.10/site-packages/httpcore/_backends/auto.py", line 31, in connect_tcp
    return await self._backend.connect_tcp(
  File "/root/miniconda3/envs/rice_reg/lib/python3.10/site-packages/httpcore/_backends/anyio.py", line 113, in connect_tcp
    with map_exceptions(exc_map):
  File "/root/miniconda3/envs/rice_reg/lib/python3.10/contextlib.py", line 153, in __exit__
    self.gen.throw(typ, value, traceback)
  File "/root/miniconda3/envs/rice_reg/lib/python3.10/site-packages/httpcore/_exceptions.py", line 14, in map_exceptions
    raise to_exc(exc) from exc
httpcore.ConnectError: All connection attempts failed

The above exception was the direct cause of the following exception:

Traceback (most recent call last):
  File "/root/miniconda3/envs/rice_reg/lib/python3.10/site-packages/uvicorn/protocols/http/h11_impl.py", line 415, in run_asgi
    result = await app(  # type: ignore[func-returns-value]
  File "/root/miniconda3/envs/rice_reg/lib/python3.10/site-packages/uvicorn/middleware/proxy_headers.py", line 62, in __call__
    return await self.app(scope, receive, send)
  File "/root/miniconda3/envs/rice_reg/lib/python3.10/site-packages/fastapi/applications.py", line 1159, in __call__
    await super().__call__(scope, receive, send)
  File "/root/miniconda3/envs/rice_reg/lib/python3.10/site-packages/starlette/applications.py", line 107, in __call__
    await self.middleware_stack(scope, receive, send)
  File "/root/miniconda3/envs/rice_reg/lib/python3.10/site-packages/starlette/middleware/errors.py", line 186, in __call__
    raise exc
  File "/root/miniconda3/envs/rice_reg/lib/python3.10/site-packages/starlette/middleware/errors.py", line 164, in __call__
    await self.app(scope, receive, _send)
  File "/root/miniconda3/envs/rice_reg/lib/python3.10/site-packages/gradio/brotli_middleware.py", line 85, in __call__
    await br_responder(scope, receive, send)
  File "/root/miniconda3/envs/rice_reg/lib/python3.10/site-packages/gradio/brotli_middleware.py", line 152, in __call__
    await self.app(scope, receive, self.send_with_brotli)
  File "/root/miniconda3/envs/rice_reg/lib/python3.10/site-packages/gradio/route_utils.py", line 882, in __call__
    await self.app(scope, receive, send)
  File "/root/miniconda3/envs/rice_reg/lib/python3.10/site-packages/starlette/middleware/exceptions.py", line 63, in __call__
    await wrap_app_handling_exceptions(self.app, conn)(scope, receive, send)
  File "/root/miniconda3/envs/rice_reg/lib/python3.10/site-packages/starlette/_exception_handler.py", line 53, in wrapped_app
    raise exc
  File "/root/miniconda3/envs/rice_reg/lib/python3.10/site-packages/starlette/_exception_handler.py", line 42, in wrapped_app
    await app(scope, receive, sender)
  File "/root/miniconda3/envs/rice_reg/lib/python3.10/site-packages/fastapi/middleware/asyncexitstack.py", line 18, in __call__
    await self.app(scope, receive, send)
  File "/root/miniconda3/envs/rice_reg/lib/python3.10/site-packages/starlette/routing.py", line 716, in __call__
    await self.middleware_stack(scope, receive, send)
  File "/root/miniconda3/envs/rice_reg/lib/python3.10/site-packages/starlette/routing.py", line 736, in app
    await route.handle(scope, receive, send)
  File "/root/miniconda3/envs/rice_reg/lib/python3.10/site-packages/starlette/routing.py", line 290, in handle
    await self.app(scope, receive, send)
  File "/root/miniconda3/envs/rice_reg/lib/python3.10/site-packages/fastapi/routing.py", line 134, in app
    await wrap_app_handling_exceptions(app, request)(scope, receive, send)
  File "/root/miniconda3/envs/rice_reg/lib/python3.10/site-packages/starlette/_exception_handler.py", line 53, in wrapped_app
    raise exc
  File "/root/miniconda3/envs/rice_reg/lib/python3.10/site-packages/starlette/_exception_handler.py", line 42, in wrapped_app
    await app(scope, receive, sender)
  File "/root/miniconda3/envs/rice_reg/lib/python3.10/site-packages/fastapi/routing.py", line 120, in app
    response = await f(request)
  File "/root/miniconda3/envs/rice_reg/lib/python3.10/site-packages/fastapi/routing.py", line 674, in app
    raw_response = await run_endpoint_function(
  File "/root/miniconda3/envs/rice_reg/lib/python3.10/site-packages/fastapi/routing.py", line 328, in run_endpoint_function
    return await dependant.call(**values)
  File "/mnt/rice/default/Workspace/yangdong/ai4research/rice_server/rice_mut/frontend/app.py", line 1365, in _backend_proxy
    upstream = await client.request(
  File "/root/miniconda3/envs/rice_reg/lib/python3.10/site-packages/httpx/_client.py", line 1540, in request
    return await self.send(request, auth=auth, follow_redirects=follow_redirects)
  File "/root/miniconda3/envs/rice_reg/lib/python3.10/site-packages/httpx/_client.py", line 1629, in send
    response = await self._send_handling_auth(
  File "/root/miniconda3/envs/rice_reg/lib/python3.10/site-packages/httpx/_client.py", line 1657, in _send_handling_auth
    response = await self._send_handling_redirects(
  File "/root/miniconda3/envs/rice_reg/lib/python3.10/site-packages/httpx/_client.py", line 1694, in _send_handling_redirects
    response = await self._send_single_request(request)
  File "/root/miniconda3/envs/rice_reg/lib/python3.10/site-packages/httpx/_client.py", line 1730, in _send_single_request
    response = await transport.handle_async_request(request)
  File "/root/miniconda3/envs/rice_reg/lib/python3.10/site-packages/httpx/_transports/default.py", line 393, in handle_async_request
    with map_httpcore_exceptions():
  File "/root/miniconda3/envs/rice_reg/lib/python3.10/contextlib.py", line 153, in __exit__
    self.gen.throw(typ, value, traceback)
  File "/root/miniconda3/envs/rice_reg/lib/python3.10/site-packages/httpx/_transports/default.py", line 118, in map_httpcore_exceptions
    raise mapped_exc(message) from exc
httpx.ConnectError: All connection attempts failed
ERROR:    Exception in ASGI application
Traceback (most recent call last):
  File "/root/miniconda3/envs/rice_reg/lib/python3.10/site-packages/httpx/_transports/default.py", line 101, in map_httpcore_exceptions
    yield
  File "/root/miniconda3/envs/rice_reg/lib/python3.10/site-packages/httpx/_transports/default.py", line 394, in handle_async_request
    resp = await self._pool.handle_async_request(req)
  File "/root/miniconda3/envs/rice_reg/lib/python3.10/site-packages/httpcore/_async/connection_pool.py", line 256, in handle_async_request
    raise exc from None
  File "/root/miniconda3/envs/rice_reg/lib/python3.10/site-packages/httpcore/_async/connection_pool.py", line 236, in handle_async_request
    response = await connection.handle_async_request(
  File "/root/miniconda3/envs/rice_reg/lib/python3.10/site-packages/httpcore/_async/connection.py", line 101, in handle_async_request
    raise exc
  File "/root/miniconda3/envs/rice_reg/lib/python3.10/site-packages/httpcore/_async/connection.py", line 78, in handle_async_request
    stream = await self._connect(request)
  File "/root/miniconda3/envs/rice_reg/lib/python3.10/site-packages/httpcore/_async/connection.py", line 124, in _connect
    stream = await self._network_backend.connect_tcp(**kwargs)
  File "/root/miniconda3/envs/rice_reg/lib/python3.10/site-packages/httpcore/_backends/auto.py", line 31, in connect_tcp
    return await self._backend.connect_tcp(
  File "/root/miniconda3/envs/rice_reg/lib/python3.10/site-packages/httpcore/_backends/anyio.py", line 113, in connect_tcp
    with map_exceptions(exc_map):
  File "/root/miniconda3/envs/rice_reg/lib/python3.10/contextlib.py", line 153, in __exit__
    self.gen.throw(typ, value, traceback)
  File "/root/miniconda3/envs/rice_reg/lib/python3.10/site-packages/httpcore/_exceptions.py", line 14, in map_exceptions
    raise to_exc(exc) from exc
httpcore.ConnectError: All connection attempts failed

The above exception was the direct cause of the following exception:

Traceback (most recent call last):
  File "/root/miniconda3/envs/rice_reg/lib/python3.10/site-packages/uvicorn/protocols/http/h11_impl.py", line 415, in run_asgi
    result = await app(  # type: ignore[func-returns-value]
  File "/root/miniconda3/envs/rice_reg/lib/python3.10/site-packages/uvicorn/middleware/proxy_headers.py", line 62, in __call__
    return await self.app(scope, receive, send)
  File "/root/miniconda3/envs/rice_reg/lib/python3.10/site-packages/fastapi/applications.py", line 1159, in __call__
    await super().__call__(scope, receive, send)
  File "/root/miniconda3/envs/rice_reg/lib/python3.10/site-packages/starlette/applications.py", line 107, in __call__
    await self.middleware_stack(scope, receive, send)
  File "/root/miniconda3/envs/rice_reg/lib/python3.10/site-packages/starlette/middleware/errors.py", line 186, in __call__
    raise exc
  File "/root/miniconda3/envs/rice_reg/lib/python3.10/site-packages/starlette/middleware/errors.py", line 164, in __call__
    await self.app(scope, receive, _send)
  File "/root/miniconda3/envs/rice_reg/lib/python3.10/site-packages/gradio/brotli_middleware.py", line 85, in __call__
    await br_responder(scope, receive, send)
  File "/root/miniconda3/envs/rice_reg/lib/python3.10/site-packages/gradio/brotli_middleware.py", line 152, in __call__
    await self.app(scope, receive, self.send_with_brotli)
  File "/root/miniconda3/envs/rice_reg/lib/python3.10/site-packages/gradio/route_utils.py", line 882, in __call__
    await self.app(scope, receive, send)
  File "/root/miniconda3/envs/rice_reg/lib/python3.10/site-packages/starlette/middleware/exceptions.py", line 63, in __call__
    await wrap_app_handling_exceptions(self.app, conn)(scope, receive, send)
  File "/root/miniconda3/envs/rice_reg/lib/python3.10/site-packages/starlette/_exception_handler.py", line 53, in wrapped_app
    raise exc
  File "/root/miniconda3/envs/rice_reg/lib/python3.10/site-packages/starlette/_exception_handler.py", line 42, in wrapped_app
    await app(scope, receive, sender)
  File "/root/miniconda3/envs/rice_reg/lib/python3.10/site-packages/fastapi/middleware/asyncexitstack.py", line 18, in __call__
    await self.app(scope, receive, send)
  File "/root/miniconda3/envs/rice_reg/lib/python3.10/site-packages/starlette/routing.py", line 716, in __call__
    await self.middleware_stack(scope, receive, send)
  File "/root/miniconda3/envs/rice_reg/lib/python3.10/site-packages/starlette/routing.py", line 736, in app
    await route.handle(scope, receive, send)
  File "/root/miniconda3/envs/rice_reg/lib/python3.10/site-packages/starlette/routing.py", line 290, in handle
    await self.app(scope, receive, send)
  File "/root/miniconda3/envs/rice_reg/lib/python3.10/site-packages/fastapi/routing.py", line 134, in app
    await wrap_app_handling_exceptions(app, request)(scope, receive, send)
  File "/root/miniconda3/envs/rice_reg/lib/python3.10/site-packages/starlette/_exception_handler.py", line 53, in wrapped_app
    raise exc
  File "/root/miniconda3/envs/rice_reg/lib/python3.10/site-packages/starlette/_exception_handler.py", line 42, in wrapped_app
    await app(scope, receive, sender)
  File "/root/miniconda3/envs/rice_reg/lib/python3.10/site-packages/fastapi/routing.py", line 120, in app
    response = await f(request)
  File "/root/miniconda3/envs/rice_reg/lib/python3.10/site-packages/fastapi/routing.py", line 674, in app
    raw_response = await run_endpoint_function(
  File "/root/miniconda3/envs/rice_reg/lib/python3.10/site-packages/fastapi/routing.py", line 328, in run_endpoint_function
    return await dependant.call(**values)
  File "/mnt/rice/default/Workspace/yangdong/ai4research/rice_server/rice_mut/frontend/app.py", line 1400, in _backend_proxy
    upstream = await client.request(
  File "/root/miniconda3/envs/rice_reg/lib/python3.10/site-packages/httpx/_client.py", line 1540, in request
    return await self.send(request, auth=auth, follow_redirects=follow_redirects)
  File "/root/miniconda3/envs/rice_reg/lib/python3.10/site-packages/httpx/_client.py", line 1629, in send
    response = await self._send_handling_auth(
  File "/root/miniconda3/envs/rice_reg/lib/python3.10/site-packages/httpx/_client.py", line 1657, in _send_handling_auth
    response = await self._send_handling_redirects(
  File "/root/miniconda3/envs/rice_reg/lib/python3.10/site-packages/httpx/_client.py", line 1694, in _send_handling_redirects
    response = await self._send_single_request(request)
  File "/root/miniconda3/envs/rice_reg/lib/python3.10/site-packages/httpx/_client.py", line 1730, in _send_single_request
    response = await transport.handle_async_request(request)
  File "/root/miniconda3/envs/rice_reg/lib/python3.10/site-packages/httpx/_transports/default.py", line 393, in handle_async_request
    with map_httpcore_exceptions():
  File "/root/miniconda3/envs/rice_reg/lib/python3.10/contextlib.py", line 153, in __exit__
    self.gen.throw(typ, value, traceback)
  File "/root/miniconda3/envs/rice_reg/lib/python3.10/site-packages/httpx/_transports/default.py", line 118, in map_httpcore_exceptions
    raise mapped_exc(message) from exc
httpx.ConnectError: All connection attempts failed
/mnt/rice/default/Workspace/yangdong/ai4research/rice_server/rice_mut/frontend/app.py:1131: UserWarning: The parameters have been moved from the Blocks constructor to the launch() method in Gradio 6.0: theme, css. Please pass these parameters to launch() instead.
  with gr.Blocks(
/mnt/rice/default/Workspace/yangdong/ai4research/rice_server/rice_mut/frontend/app.py:1131: UserWarning: The parameters have been moved from the Blocks constructor to the launch() method in Gradio 6.0: theme, css. Please pass these parameters to launch() instead.
  with gr.Blocks(
ERROR:    Exception in ASGI application
Traceback (most recent call last):
  File "/root/miniconda3/lib/python3.13/site-packages/httpx/_transports/default.py", line 101, in map_httpcore_exceptions
    yield
  File "/root/miniconda3/lib/python3.13/site-packages/httpx/_transports/default.py", line 394, in handle_async_request
    resp = await self._pool.handle_async_request(req)
           ^^^^^^^^^^^^^^^^^^^^^^^^^^^^^^^^^^^^^^^^^^
  File "/root/miniconda3/lib/python3.13/site-packages/httpcore/_async/connection_pool.py", line 256, in handle_async_request
    raise exc from None
  File "/root/miniconda3/lib/python3.13/site-packages/httpcore/_async/connection_pool.py", line 236, in handle_async_request
    response = await connection.handle_async_request(
               ^^^^^^^^^^^^^^^^^^^^^^^^^^^^^^^^^^^^^^
        pool_request.request
        ^^^^^^^^^^^^^^^^^^^^
    )
    ^
  File "/root/miniconda3/lib/python3.13/site-packages/httpcore/_async/connection.py", line 101, in handle_async_request
    raise exc
  File "/root/miniconda3/lib/python3.13/site-packages/httpcore/_async/connection.py", line 78, in handle_async_request
    stream = await self._connect(request)
             ^^^^^^^^^^^^^^^^^^^^^^^^^^^^
  File "/root/miniconda3/lib/python3.13/site-packages/httpcore/_async/connection.py", line 124, in _connect
    stream = await self._network_backend.connect_tcp(**kwargs)
             ^^^^^^^^^^^^^^^^^^^^^^^^^^^^^^^^^^^^^^^^^^^^^^^^^
  File "/root/miniconda3/lib/python3.13/site-packages/httpcore/_backends/auto.py", line 31, in connect_tcp
    return await self._backend.connect_tcp(
           ^^^^^^^^^^^^^^^^^^^^^^^^^^^^^^^^
    ...<5 lines>...
    )
    ^
  File "/root/miniconda3/lib/python3.13/site-packages/httpcore/_backends/anyio.py", line 113, in connect_tcp
    with map_exceptions(exc_map):
         ~~~~~~~~~~~~~~^^^^^^^^^
  File "/root/miniconda3/lib/python3.13/contextlib.py", line 162, in __exit__
    self.gen.throw(value)
    ~~~~~~~~~~~~~~^^^^^^^
  File "/root/miniconda3/lib/python3.13/site-packages/httpcore/_exceptions.py", line 14, in map_exceptions
    raise to_exc(exc) from exc
httpcore.ConnectError: All connection attempts failed

The above exception was the direct cause of the following exception:

Traceback (most recent call last):
  File "/root/miniconda3/lib/python3.13/site-packages/uvicorn/protocols/http/h11_impl.py", line 403, in run_asgi
    result = await app(  # type: ignore[func-returns-value]
             ^^^^^^^^^^^^^^^^^^^^^^^^^^^^^^^^^^^^^^^^^^^^^^
        self.scope, self.receive, self.send
        ^^^^^^^^^^^^^^^^^^^^^^^^^^^^^^^^^^^
    )
    ^
  File "/root/miniconda3/lib/python3.13/site-packages/uvicorn/middleware/proxy_headers.py", line 60, in __call__
    return await self.app(scope, receive, send)
           ^^^^^^^^^^^^^^^^^^^^^^^^^^^^^^^^^^^^
  File "/root/miniconda3/lib/python3.13/site-packages/fastapi/applications.py", line 1159, in __call__
    await super().__call__(scope, receive, send)
  File "/root/miniconda3/lib/python3.13/site-packages/starlette/applications.py", line 90, in __call__
    await self.middleware_stack(scope, receive, send)
  File "/root/miniconda3/lib/python3.13/site-packages/starlette/middleware/errors.py", line 186, in __call__
    raise exc
  File "/root/miniconda3/lib/python3.13/site-packages/starlette/middleware/errors.py", line 164, in __call__
    await self.app(scope, receive, _send)
  File "/root/miniconda3/lib/python3.13/site-packages/gradio/brotli_middleware.py", line 85, in __call__
    await br_responder(scope, receive, send)
  File "/root/miniconda3/lib/python3.13/site-packages/gradio/brotli_middleware.py", line 152, in __call__
    await self.app(scope, receive, self.send_with_brotli)
  File "/root/miniconda3/lib/python3.13/site-packages/gradio/route_utils.py", line 926, in __call__
    await self.app(scope, receive, send)
  File "/root/miniconda3/lib/python3.13/site-packages/starlette/middleware/exceptions.py", line 63, in __call__
    await wrap_app_handling_exceptions(self.app, conn)(scope, receive, send)
  File "/root/miniconda3/lib/python3.13/site-packages/starlette/_exception_handler.py", line 53, in wrapped_app
    raise exc
  File "/root/miniconda3/lib/python3.13/site-packages/starlette/_exception_handler.py", line 42, in wrapped_app
    await app(scope, receive, sender)
  File "/root/miniconda3/lib/python3.13/site-packages/fastapi/middleware/asyncexitstack.py", line 18, in __call__
    await self.app(scope, receive, send)
  File "/root/miniconda3/lib/python3.13/site-packages/starlette/routing.py", line 660, in __call__
    await self.middleware_stack(scope, receive, send)
  File "/root/miniconda3/lib/python3.13/site-packages/starlette/routing.py", line 680, in app
    await route.handle(scope, receive, send)
  File "/root/miniconda3/lib/python3.13/site-packages/starlette/routing.py", line 276, in handle
    await self.app(scope, receive, send)
  File "/root/miniconda3/lib/python3.13/site-packages/fastapi/routing.py", line 134, in app
    await wrap_app_handling_exceptions(app, request)(scope, receive, send)
  File "/root/miniconda3/lib/python3.13/site-packages/starlette/_exception_handler.py", line 53, in wrapped_app
    raise exc
  File "/root/miniconda3/lib/python3.13/site-packages/starlette/_exception_handler.py", line 42, in wrapped_app
    await app(scope, receive, sender)
  File "/root/miniconda3/lib/python3.13/site-packages/fastapi/routing.py", line 120, in app
    response = await f(request)
               ^^^^^^^^^^^^^^^^
  File "/root/miniconda3/lib/python3.13/site-packages/fastapi/routing.py", line 674, in app
    raw_response = await run_endpoint_function(
                   ^^^^^^^^^^^^^^^^^^^^^^^^^^^^
    ...<3 lines>...
    )
    ^
  File "/root/miniconda3/lib/python3.13/site-packages/fastapi/routing.py", line 328, in run_endpoint_function
    return await dependant.call(**values)
           ^^^^^^^^^^^^^^^^^^^^^^^^^^^^^^
  File "/mnt/rice/default/Workspace/yangdong/ai4research/rice_server/rice_mut/frontend/app.py", line 1405, in _backend_proxy
    upstream = await client.request(
               ^^^^^^^^^^^^^^^^^^^^^
    ...<5 lines>...
    )
    ^
  File "/root/miniconda3/lib/python3.13/site-packages/httpx/_client.py", line 1540, in request
    return await self.send(request, auth=auth, follow_redirects=follow_redirects)
           ^^^^^^^^^^^^^^^^^^^^^^^^^^^^^^^^^^^^^^^^^^^^^^^^^^^^^^^^^^^^^^^^^^^^^^
  File "/root/miniconda3/lib/python3.13/site-packages/httpx/_client.py", line 1629, in send
    response = await self._send_handling_auth(
               ^^^^^^^^^^^^^^^^^^^^^^^^^^^^^^^
    ...<4 lines>...
    )
    ^
  File "/root/miniconda3/lib/python3.13/site-packages/httpx/_client.py", line 1657, in _send_handling_auth
    response = await self._send_handling_redirects(
               ^^^^^^^^^^^^^^^^^^^^^^^^^^^^^^^^^^^^
    ...<3 lines>...
    )
    ^
  File "/root/miniconda3/lib/python3.13/site-packages/httpx/_client.py", line 1694, in _send_handling_redirects
    response = await self._send_single_request(request)
               ^^^^^^^^^^^^^^^^^^^^^^^^^^^^^^^^^^^^^^^^
  File "/root/miniconda3/lib/python3.13/site-packages/httpx/_client.py", line 1730, in _send_single_request
    response = await transport.handle_async_request(request)
               ^^^^^^^^^^^^^^^^^^^^^^^^^^^^^^^^^^^^^^^^^^^^^
  File "/root/miniconda3/lib/python3.13/site-packages/httpx/_transports/default.py", line 393, in handle_async_request
    with map_httpcore_exceptions():
         ~~~~~~~~~~~~~~~~~~~~~~~^^
  File "/root/miniconda3/lib/python3.13/contextlib.py", line 162, in __exit__
    self.gen.throw(value)
    ~~~~~~~~~~~~~~^^^^^^^
  File "/root/miniconda3/lib/python3.13/site-packages/httpx/_transports/default.py", line 118, in map_httpcore_exceptions
    raise mapped_exc(message) from exc
httpx.ConnectError: All connection attempts failed
/mnt/rice/default/Workspace/yangdong/ai4research/rice_server/rice_mut/frontend/app.py:1131: UserWarning: The parameters have been moved from the Blocks constructor to the launch() method in Gradio 6.0: theme, css. Please pass these parameters to launch() instead.
  with gr.Blocks(
ERROR:    Exception in ASGI application
Traceback (most recent call last):
  File "/root/miniconda3/lib/python3.13/site-packages/httpx/_transports/default.py", line 101, in map_httpcore_exceptions
    yield
  File "/root/miniconda3/lib/python3.13/site-packages/httpx/_transports/default.py", line 394, in handle_async_request
    resp = await self._pool.handle_async_request(req)
           ^^^^^^^^^^^^^^^^^^^^^^^^^^^^^^^^^^^^^^^^^^
  File "/root/miniconda3/lib/python3.13/site-packages/httpcore/_async/connection_pool.py", line 256, in handle_async_request
    raise exc from None
  File "/root/miniconda3/lib/python3.13/site-packages/httpcore/_async/connection_pool.py", line 236, in handle_async_request
    response = await connection.handle_async_request(
               ^^^^^^^^^^^^^^^^^^^^^^^^^^^^^^^^^^^^^^
        pool_request.request
        ^^^^^^^^^^^^^^^^^^^^
    )
    ^
  File "/root/miniconda3/lib/python3.13/site-packages/httpcore/_async/connection.py", line 101, in handle_async_request
    raise exc
  File "/root/miniconda3/lib/python3.13/site-packages/httpcore/_async/connection.py", line 78, in handle_async_request
    stream = await self._connect(request)
             ^^^^^^^^^^^^^^^^^^^^^^^^^^^^
  File "/root/miniconda3/lib/python3.13/site-packages/httpcore/_async/connection.py", line 124, in _connect
    stream = await self._network_backend.connect_tcp(**kwargs)
             ^^^^^^^^^^^^^^^^^^^^^^^^^^^^^^^^^^^^^^^^^^^^^^^^^
  File "/root/miniconda3/lib/python3.13/site-packages/httpcore/_backends/auto.py", line 31, in connect_tcp
    return await self._backend.connect_tcp(
           ^^^^^^^^^^^^^^^^^^^^^^^^^^^^^^^^
    ...<5 lines>...
    )
    ^
  File "/root/miniconda3/lib/python3.13/site-packages/httpcore/_backends/anyio.py", line 113, in connect_tcp
    with map_exceptions(exc_map):
         ~~~~~~~~~~~~~~^^^^^^^^^
  File "/root/miniconda3/lib/python3.13/contextlib.py", line 162, in __exit__
    self.gen.throw(value)
    ~~~~~~~~~~~~~~^^^^^^^
  File "/root/miniconda3/lib/python3.13/site-packages/httpcore/_exceptions.py", line 14, in map_exceptions
    raise to_exc(exc) from exc
httpcore.ConnectError: All connection attempts failed

The above exception was the direct cause of the following exception:

Traceback (most recent call last):
  File "/root/miniconda3/lib/python3.13/site-packages/uvicorn/protocols/http/h11_impl.py", line 403, in run_asgi
    result = await app(  # type: ignore[func-returns-value]
             ^^^^^^^^^^^^^^^^^^^^^^^^^^^^^^^^^^^^^^^^^^^^^^
        self.scope, self.receive, self.send
        ^^^^^^^^^^^^^^^^^^^^^^^^^^^^^^^^^^^
    )
    ^
  File "/root/miniconda3/lib/python3.13/site-packages/uvicorn/middleware/proxy_headers.py", line 60, in __call__
    return await self.app(scope, receive, send)
           ^^^^^^^^^^^^^^^^^^^^^^^^^^^^^^^^^^^^
  File "/root/miniconda3/lib/python3.13/site-packages/fastapi/applications.py", line 1159, in __call__
    await super().__call__(scope, receive, send)
  File "/root/miniconda3/lib/python3.13/site-packages/starlette/applications.py", line 90, in __call__
    await self.middleware_stack(scope, receive, send)
  File "/root/miniconda3/lib/python3.13/site-packages/starlette/middleware/errors.py", line 186, in __call__
    raise exc
  File "/root/miniconda3/lib/python3.13/site-packages/starlette/middleware/errors.py", line 164, in __call__
    await self.app(scope, receive, _send)
  File "/root/miniconda3/lib/python3.13/site-packages/gradio/brotli_middleware.py", line 85, in __call__
    await br_responder(scope, receive, send)
  File "/root/miniconda3/lib/python3.13/site-packages/gradio/brotli_middleware.py", line 152, in __call__
    await self.app(scope, receive, self.send_with_brotli)
  File "/root/miniconda3/lib/python3.13/site-packages/gradio/route_utils.py", line 926, in __call__
    await self.app(scope, receive, send)
  File "/root/miniconda3/lib/python3.13/site-packages/starlette/middleware/exceptions.py", line 63, in __call__
    await wrap_app_handling_exceptions(self.app, conn)(scope, receive, send)
  File "/root/miniconda3/lib/python3.13/site-packages/starlette/_exception_handler.py", line 53, in wrapped_app
    raise exc
  File "/root/miniconda3/lib/python3.13/site-packages/starlette/_exception_handler.py", line 42, in wrapped_app
    await app(scope, receive, sender)
  File "/root/miniconda3/lib/python3.13/site-packages/fastapi/middleware/asyncexitstack.py", line 18, in __call__
    await self.app(scope, receive, send)
  File "/root/miniconda3/lib/python3.13/site-packages/starlette/routing.py", line 660, in __call__
    await self.middleware_stack(scope, receive, send)
  File "/root/miniconda3/lib/python3.13/site-packages/starlette/routing.py", line 680, in app
    await route.handle(scope, receive, send)
  File "/root/miniconda3/lib/python3.13/site-packages/starlette/routing.py", line 276, in handle
    await self.app(scope, receive, send)
  File "/root/miniconda3/lib/python3.13/site-packages/fastapi/routing.py", line 134, in app
    await wrap_app_handling_exceptions(app, request)(scope, receive, send)
  File "/root/miniconda3/lib/python3.13/site-packages/starlette/_exception_handler.py", line 53, in wrapped_app
    raise exc
  File "/root/miniconda3/lib/python3.13/site-packages/starlette/_exception_handler.py", line 42, in wrapped_app
    await app(scope, receive, sender)
  File "/root/miniconda3/lib/python3.13/site-packages/fastapi/routing.py", line 120, in app
    response = await f(request)
               ^^^^^^^^^^^^^^^^
  File "/root/miniconda3/lib/python3.13/site-packages/fastapi/routing.py", line 674, in app
    raw_response = await run_endpoint_function(
                   ^^^^^^^^^^^^^^^^^^^^^^^^^^^^
    ...<3 lines>...
    )
    ^
  File "/root/miniconda3/lib/python3.13/site-packages/fastapi/routing.py", line 328, in run_endpoint_function
    return await dependant.call(**values)
           ^^^^^^^^^^^^^^^^^^^^^^^^^^^^^^
  File "/mnt/rice/default/Workspace/yangdong/ai4research/rice_server/rice_mut/frontend/app.py", line 1405, in _backend_proxy
    upstream = await client.request(
               ^^^^^^^^^^^^^^^^^^^^^
    ...<5 lines>...
    )
    ^
  File "/root/miniconda3/lib/python3.13/site-packages/httpx/_client.py", line 1540, in request
    return await self.send(request, auth=auth, follow_redirects=follow_redirects)
           ^^^^^^^^^^^^^^^^^^^^^^^^^^^^^^^^^^^^^^^^^^^^^^^^^^^^^^^^^^^^^^^^^^^^^^
  File "/root/miniconda3/lib/python3.13/site-packages/httpx/_client.py", line 1629, in send
    response = await self._send_handling_auth(
               ^^^^^^^^^^^^^^^^^^^^^^^^^^^^^^^
    ...<4 lines>...
    )
    ^
  File "/root/miniconda3/lib/python3.13/site-packages/httpx/_client.py", line 1657, in _send_handling_auth
    response = await self._send_handling_redirects(
               ^^^^^^^^^^^^^^^^^^^^^^^^^^^^^^^^^^^^
    ...<3 lines>...
    )
    ^
  File "/root/miniconda3/lib/python3.13/site-packages/httpx/_client.py", line 1694, in _send_handling_redirects
    response = await self._send_single_request(request)
               ^^^^^^^^^^^^^^^^^^^^^^^^^^^^^^^^^^^^^^^^
  File "/root/miniconda3/lib/python3.13/site-packages/httpx/_client.py", line 1730, in _send_single_request
    response = await transport.handle_async_request(request)
               ^^^^^^^^^^^^^^^^^^^^^^^^^^^^^^^^^^^^^^^^^^^^^
  File "/root/miniconda3/lib/python3.13/site-packages/httpx/_transports/default.py", line 393, in handle_async_request
    with map_httpcore_exceptions():
         ~~~~~~~~~~~~~~~~~~~~~~~^^
  File "/root/miniconda3/lib/python3.13/contextlib.py", line 162, in __exit__
    self.gen.throw(value)
    ~~~~~~~~~~~~~~^^^^^^^
  File "/root/miniconda3/lib/python3.13/site-packages/httpx/_transports/default.py", line 118, in map_httpcore_exceptions
    raise mapped_exc(message) from exc
httpx.ConnectError: All connection attempts failed
ERROR:    Exception in ASGI application
Traceback (most recent call last):
  File "/root/miniconda3/lib/python3.13/site-packages/httpx/_transports/default.py", line 101, in map_httpcore_exceptions
    yield
  File "/root/miniconda3/lib/python3.13/site-packages/httpx/_transports/default.py", line 394, in handle_async_request
    resp = await self._pool.handle_async_request(req)
           ^^^^^^^^^^^^^^^^^^^^^^^^^^^^^^^^^^^^^^^^^^
  File "/root/miniconda3/lib/python3.13/site-packages/httpcore/_async/connection_pool.py", line 256, in handle_async_request
    raise exc from None
  File "/root/miniconda3/lib/python3.13/site-packages/httpcore/_async/connection_pool.py", line 236, in handle_async_request
    response = await connection.handle_async_request(
               ^^^^^^^^^^^^^^^^^^^^^^^^^^^^^^^^^^^^^^
        pool_request.request
        ^^^^^^^^^^^^^^^^^^^^
    )
    ^
  File "/root/miniconda3/lib/python3.13/site-packages/httpcore/_async/connection.py", line 101, in handle_async_request
    raise exc
  File "/root/miniconda3/lib/python3.13/site-packages/httpcore/_async/connection.py", line 78, in handle_async_request
    stream = await self._connect(request)
             ^^^^^^^^^^^^^^^^^^^^^^^^^^^^
  File "/root/miniconda3/lib/python3.13/site-packages/httpcore/_async/connection.py", line 124, in _connect
    stream = await self._network_backend.connect_tcp(**kwargs)
             ^^^^^^^^^^^^^^^^^^^^^^^^^^^^^^^^^^^^^^^^^^^^^^^^^
  File "/root/miniconda3/lib/python3.13/site-packages/httpcore/_backends/auto.py", line 31, in connect_tcp
    return await self._backend.connect_tcp(
           ^^^^^^^^^^^^^^^^^^^^^^^^^^^^^^^^
    ...<5 lines>...
    )
    ^
  File "/root/miniconda3/lib/python3.13/site-packages/httpcore/_backends/anyio.py", line 113, in connect_tcp
    with map_exceptions(exc_map):
         ~~~~~~~~~~~~~~^^^^^^^^^
  File "/root/miniconda3/lib/python3.13/contextlib.py", line 162, in __exit__
    self.gen.throw(value)
    ~~~~~~~~~~~~~~^^^^^^^
  File "/root/miniconda3/lib/python3.13/site-packages/httpcore/_exceptions.py", line 14, in map_exceptions
    raise to_exc(exc) from exc
httpcore.ConnectError: All connection attempts failed

The above exception was the direct cause of the following exception:

Traceback (most recent call last):
  File "/root/miniconda3/lib/python3.13/site-packages/uvicorn/protocols/http/h11_impl.py", line 403, in run_asgi
    result = await app(  # type: ignore[func-returns-value]
             ^^^^^^^^^^^^^^^^^^^^^^^^^^^^^^^^^^^^^^^^^^^^^^
        self.scope, self.receive, self.send
        ^^^^^^^^^^^^^^^^^^^^^^^^^^^^^^^^^^^
    )
    ^
  File "/root/miniconda3/lib/python3.13/site-packages/uvicorn/middleware/proxy_headers.py", line 60, in __call__
    return await self.app(scope, receive, send)
           ^^^^^^^^^^^^^^^^^^^^^^^^^^^^^^^^^^^^
  File "/root/miniconda3/lib/python3.13/site-packages/fastapi/applications.py", line 1159, in __call__
    await super().__call__(scope, receive, send)
  File "/root/miniconda3/lib/python3.13/site-packages/starlette/applications.py", line 90, in __call__
    await self.middleware_stack(scope, receive, send)
  File "/root/miniconda3/lib/python3.13/site-packages/starlette/middleware/errors.py", line 186, in __call__
    raise exc
  File "/root/miniconda3/lib/python3.13/site-packages/starlette/middleware/errors.py", line 164, in __call__
    await self.app(scope, receive, _send)
  File "/root/miniconda3/lib/python3.13/site-packages/gradio/brotli_middleware.py", line 85, in __call__
    await br_responder(scope, receive, send)
  File "/root/miniconda3/lib/python3.13/site-packages/gradio/brotli_middleware.py", line 152, in __call__
    await self.app(scope, receive, self.send_with_brotli)
  File "/root/miniconda3/lib/python3.13/site-packages/gradio/route_utils.py", line 926, in __call__
    await self.app(scope, receive, send)
  File "/root/miniconda3/lib/python3.13/site-packages/starlette/middleware/exceptions.py", line 63, in __call__
    await wrap_app_handling_exceptions(self.app, conn)(scope, receive, send)
  File "/root/miniconda3/lib/python3.13/site-packages/starlette/_exception_handler.py", line 53, in wrapped_app
    raise exc
  File "/root/miniconda3/lib/python3.13/site-packages/starlette/_exception_handler.py", line 42, in wrapped_app
    await app(scope, receive, sender)
  File "/root/miniconda3/lib/python3.13/site-packages/fastapi/middleware/asyncexitstack.py", line 18, in __call__
    await self.app(scope, receive, send)
  File "/root/miniconda3/lib/python3.13/site-packages/starlette/routing.py", line 660, in __call__
    await self.middleware_stack(scope, receive, send)
  File "/root/miniconda3/lib/python3.13/site-packages/starlette/routing.py", line 680, in app
    await route.handle(scope, receive, send)
  File "/root/miniconda3/lib/python3.13/site-packages/starlette/routing.py", line 276, in handle
    await self.app(scope, receive, send)
  File "/root/miniconda3/lib/python3.13/site-packages/fastapi/routing.py", line 134, in app
    await wrap_app_handling_exceptions(app, request)(scope, receive, send)
  File "/root/miniconda3/lib/python3.13/site-packages/starlette/_exception_handler.py", line 53, in wrapped_app
    raise exc
  File "/root/miniconda3/lib/python3.13/site-packages/starlette/_exception_handler.py", line 42, in wrapped_app
    await app(scope, receive, sender)
  File "/root/miniconda3/lib/python3.13/site-packages/fastapi/routing.py", line 120, in app
    response = await f(request)
               ^^^^^^^^^^^^^^^^
  File "/root/miniconda3/lib/python3.13/site-packages/fastapi/routing.py", line 674, in app
    raw_response = await run_endpoint_function(
                   ^^^^^^^^^^^^^^^^^^^^^^^^^^^^
    ...<3 lines>...
    )
    ^
  File "/root/miniconda3/lib/python3.13/site-packages/fastapi/routing.py", line 328, in run_endpoint_function
    return await dependant.call(**values)
           ^^^^^^^^^^^^^^^^^^^^^^^^^^^^^^
  File "/mnt/rice/default/Workspace/yangdong/ai4research/rice_server/rice_mut/frontend/app.py", line 1405, in _backend_proxy
    upstream = await client.request(
               ^^^^^^^^^^^^^^^^^^^^^
    ...<5 lines>...
    )
    ^
  File "/root/miniconda3/lib/python3.13/site-packages/httpx/_client.py", line 1540, in request
    return await self.send(request, auth=auth, follow_redirects=follow_redirects)
           ^^^^^^^^^^^^^^^^^^^^^^^^^^^^^^^^^^^^^^^^^^^^^^^^^^^^^^^^^^^^^^^^^^^^^^
  File "/root/miniconda3/lib/python3.13/site-packages/httpx/_client.py", line 1629, in send
    response = await self._send_handling_auth(
               ^^^^^^^^^^^^^^^^^^^^^^^^^^^^^^^
    ...<4 lines>...
    )
    ^
  File "/root/miniconda3/lib/python3.13/site-packages/httpx/_client.py", line 1657, in _send_handling_auth
    response = await self._send_handling_redirects(
               ^^^^^^^^^^^^^^^^^^^^^^^^^^^^^^^^^^^^
    ...<3 lines>...
    )
    ^
  File "/root/miniconda3/lib/python3.13/site-packages/httpx/_client.py", line 1694, in _send_handling_redirects
    response = await self._send_single_request(request)
               ^^^^^^^^^^^^^^^^^^^^^^^^^^^^^^^^^^^^^^^^
  File "/root/miniconda3/lib/python3.13/site-packages/httpx/_client.py", line 1730, in _send_single_request
    response = await transport.handle_async_request(request)
               ^^^^^^^^^^^^^^^^^^^^^^^^^^^^^^^^^^^^^^^^^^^^^
  File "/root/miniconda3/lib/python3.13/site-packages/httpx/_transports/default.py", line 393, in handle_async_request
    with map_httpcore_exceptions():
         ~~~~~~~~~~~~~~~~~~~~~~~^^
  File "/root/miniconda3/lib/python3.13/contextlib.py", line 162, in __exit__
    self.gen.throw(value)
    ~~~~~~~~~~~~~~^^^^^^^
  File "/root/miniconda3/lib/python3.13/site-packages/httpx/_transports/default.py", line 118, in map_httpcore_exceptions
    raise mapped_exc(message) from exc
httpx.ConnectError: All connection attempts failed
ERROR:    Exception in ASGI application
Traceback (most recent call last):
  File "/root/miniconda3/lib/python3.13/site-packages/httpx/_transports/default.py", line 101, in map_httpcore_exceptions
    yield
  File "/root/miniconda3/lib/python3.13/site-packages/httpx/_transports/default.py", line 394, in handle_async_request
    resp = await self._pool.handle_async_request(req)
           ^^^^^^^^^^^^^^^^^^^^^^^^^^^^^^^^^^^^^^^^^^
  File "/root/miniconda3/lib/python3.13/site-packages/httpcore/_async/connection_pool.py", line 256, in handle_async_request
    raise exc from None
  File "/root/miniconda3/lib/python3.13/site-packages/httpcore/_async/connection_pool.py", line 236, in handle_async_request
    response = await connection.handle_async_request(
               ^^^^^^^^^^^^^^^^^^^^^^^^^^^^^^^^^^^^^^
        pool_request.request
        ^^^^^^^^^^^^^^^^^^^^
    )
    ^
  File "/root/miniconda3/lib/python3.13/site-packages/httpcore/_async/connection.py", line 101, in handle_async_request
    raise exc
  File "/root/miniconda3/lib/python3.13/site-packages/httpcore/_async/connection.py", line 78, in handle_async_request
    stream = await self._connect(request)
             ^^^^^^^^^^^^^^^^^^^^^^^^^^^^
  File "/root/miniconda3/lib/python3.13/site-packages/httpcore/_async/connection.py", line 124, in _connect
    stream = await self._network_backend.connect_tcp(**kwargs)
             ^^^^^^^^^^^^^^^^^^^^^^^^^^^^^^^^^^^^^^^^^^^^^^^^^
  File "/root/miniconda3/lib/python3.13/site-packages/httpcore/_backends/auto.py", line 31, in connect_tcp
    return await self._backend.connect_tcp(
           ^^^^^^^^^^^^^^^^^^^^^^^^^^^^^^^^
    ...<5 lines>...
    )
    ^
  File "/root/miniconda3/lib/python3.13/site-packages/httpcore/_backends/anyio.py", line 113, in connect_tcp
    with map_exceptions(exc_map):
         ~~~~~~~~~~~~~~^^^^^^^^^
  File "/root/miniconda3/lib/python3.13/contextlib.py", line 162, in __exit__
    self.gen.throw(value)
    ~~~~~~~~~~~~~~^^^^^^^
  File "/root/miniconda3/lib/python3.13/site-packages/httpcore/_exceptions.py", line 14, in map_exceptions
    raise to_exc(exc) from exc
httpcore.ConnectError: All connection attempts failed

The above exception was the direct cause of the following exception:

Traceback (most recent call last):
  File "/root/miniconda3/lib/python3.13/site-packages/uvicorn/protocols/http/h11_impl.py", line 403, in run_asgi
    result = await app(  # type: ignore[func-returns-value]
             ^^^^^^^^^^^^^^^^^^^^^^^^^^^^^^^^^^^^^^^^^^^^^^
        self.scope, self.receive, self.send
        ^^^^^^^^^^^^^^^^^^^^^^^^^^^^^^^^^^^
    )
    ^
  File "/root/miniconda3/lib/python3.13/site-packages/uvicorn/middleware/proxy_headers.py", line 60, in __call__
    return await self.app(scope, receive, send)
           ^^^^^^^^^^^^^^^^^^^^^^^^^^^^^^^^^^^^
  File "/root/miniconda3/lib/python3.13/site-packages/fastapi/applications.py", line 1159, in __call__
    await super().__call__(scope, receive, send)
  File "/root/miniconda3/lib/python3.13/site-packages/starlette/applications.py", line 90, in __call__
    await self.middleware_stack(scope, receive, send)
  File "/root/miniconda3/lib/python3.13/site-packages/starlette/middleware/errors.py", line 186, in __call__
    raise exc
  File "/root/miniconda3/lib/python3.13/site-packages/starlette/middleware/errors.py", line 164, in __call__
    await self.app(scope, receive, _send)
  File "/root/miniconda3/lib/python3.13/site-packages/gradio/brotli_middleware.py", line 85, in __call__
    await br_responder(scope, receive, send)
  File "/root/miniconda3/lib/python3.13/site-packages/gradio/brotli_middleware.py", line 152, in __call__
    await self.app(scope, receive, self.send_with_brotli)
  File "/root/miniconda3/lib/python3.13/site-packages/gradio/route_utils.py", line 926, in __call__
    await self.app(scope, receive, send)
  File "/root/miniconda3/lib/python3.13/site-packages/starlette/middleware/exceptions.py", line 63, in __call__
    await wrap_app_handling_exceptions(self.app, conn)(scope, receive, send)
  File "/root/miniconda3/lib/python3.13/site-packages/starlette/_exception_handler.py", line 53, in wrapped_app
    raise exc
  File "/root/miniconda3/lib/python3.13/site-packages/starlette/_exception_handler.py", line 42, in wrapped_app
    await app(scope, receive, sender)
  File "/root/miniconda3/lib/python3.13/site-packages/fastapi/middleware/asyncexitstack.py", line 18, in __call__
    await self.app(scope, receive, send)
  File "/root/miniconda3/lib/python3.13/site-packages/starlette/routing.py", line 660, in __call__
    await self.middleware_stack(scope, receive, send)
  File "/root/miniconda3/lib/python3.13/site-packages/starlette/routing.py", line 680, in app
    await route.handle(scope, receive, send)
  File "/root/miniconda3/lib/python3.13/site-packages/starlette/routing.py", line 276, in handle
    await self.app(scope, receive, send)
  File "/root/miniconda3/lib/python3.13/site-packages/fastapi/routing.py", line 134, in app
    await wrap_app_handling_exceptions(app, request)(scope, receive, send)
  File "/root/miniconda3/lib/python3.13/site-packages/starlette/_exception_handler.py", line 53, in wrapped_app
    raise exc
  File "/root/miniconda3/lib/python3.13/site-packages/starlette/_exception_handler.py", line 42, in wrapped_app
    await app(scope, receive, sender)
  File "/root/miniconda3/lib/python3.13/site-packages/fastapi/routing.py", line 120, in app
    response = await f(request)
               ^^^^^^^^^^^^^^^^
  File "/root/miniconda3/lib/python3.13/site-packages/fastapi/routing.py", line 674, in app
    raw_response = await run_endpoint_function(
                   ^^^^^^^^^^^^^^^^^^^^^^^^^^^^
    ...<3 lines>...
    )
    ^
  File "/root/miniconda3/lib/python3.13/site-packages/fastapi/routing.py", line 328, in run_endpoint_function
    return await dependant.call(**values)
           ^^^^^^^^^^^^^^^^^^^^^^^^^^^^^^
  File "/mnt/rice/default/Workspace/yangdong/ai4research/rice_server/rice_mut/frontend/app.py", line 1405, in _backend_proxy
    upstream = await client.request(
               ^^^^^^^^^^^^^^^^^^^^^
    ...<5 lines>...
    )
    ^
  File "/root/miniconda3/lib/python3.13/site-packages/httpx/_client.py", line 1540, in request
    return await self.send(request, auth=auth, follow_redirects=follow_redirects)
           ^^^^^^^^^^^^^^^^^^^^^^^^^^^^^^^^^^^^^^^^^^^^^^^^^^^^^^^^^^^^^^^^^^^^^^
  File "/root/miniconda3/lib/python3.13/site-packages/httpx/_client.py", line 1629, in send
    response = await self._send_handling_auth(
               ^^^^^^^^^^^^^^^^^^^^^^^^^^^^^^^
    ...<4 lines>...
    )
    ^
  File "/root/miniconda3/lib/python3.13/site-packages/httpx/_client.py", line 1657, in _send_handling_auth
    response = await self._send_handling_redirects(
               ^^^^^^^^^^^^^^^^^^^^^^^^^^^^^^^^^^^^
    ...<3 lines>...
    )
    ^
  File "/root/miniconda3/lib/python3.13/site-packages/httpx/_client.py", line 1694, in _send_handling_redirects
    response = await self._send_single_request(request)
               ^^^^^^^^^^^^^^^^^^^^^^^^^^^^^^^^^^^^^^^^
  File "/root/miniconda3/lib/python3.13/site-packages/httpx/_client.py", line 1730, in _send_single_request
    response = await transport.handle_async_request(request)
               ^^^^^^^^^^^^^^^^^^^^^^^^^^^^^^^^^^^^^^^^^^^^^
  File "/root/miniconda3/lib/python3.13/site-packages/httpx/_transports/default.py", line 393, in handle_async_request
    with map_httpcore_exceptions():
         ~~~~~~~~~~~~~~~~~~~~~~~^^
  File "/root/miniconda3/lib/python3.13/contextlib.py", line 162, in __exit__
    self.gen.throw(value)
    ~~~~~~~~~~~~~~^^^^^^^
  File "/root/miniconda3/lib/python3.13/site-packages/httpx/_transports/default.py", line 118, in map_httpcore_exceptions
    raise mapped_exc(message) from exc
httpx.ConnectError: All connection attempts failed
ERROR:    Exception in ASGI application
Traceback (most recent call last):
  File "/root/miniconda3/lib/python3.13/site-packages/httpx/_transports/default.py", line 101, in map_httpcore_exceptions
    yield
  File "/root/miniconda3/lib/python3.13/site-packages/httpx/_transports/default.py", line 394, in handle_async_request
    resp = await self._pool.handle_async_request(req)
           ^^^^^^^^^^^^^^^^^^^^^^^^^^^^^^^^^^^^^^^^^^
  File "/root/miniconda3/lib/python3.13/site-packages/httpcore/_async/connection_pool.py", line 256, in handle_async_request
    raise exc from None
  File "/root/miniconda3/lib/python3.13/site-packages/httpcore/_async/connection_pool.py", line 236, in handle_async_request
    response = await connection.handle_async_request(
               ^^^^^^^^^^^^^^^^^^^^^^^^^^^^^^^^^^^^^^
        pool_request.request
        ^^^^^^^^^^^^^^^^^^^^
    )
    ^
  File "/root/miniconda3/lib/python3.13/site-packages/httpcore/_async/connection.py", line 101, in handle_async_request
    raise exc
  File "/root/miniconda3/lib/python3.13/site-packages/httpcore/_async/connection.py", line 78, in handle_async_request
    stream = await self._connect(request)
             ^^^^^^^^^^^^^^^^^^^^^^^^^^^^
  File "/root/miniconda3/lib/python3.13/site-packages/httpcore/_async/connection.py", line 124, in _connect
    stream = await self._network_backend.connect_tcp(**kwargs)
             ^^^^^^^^^^^^^^^^^^^^^^^^^^^^^^^^^^^^^^^^^^^^^^^^^
  File "/root/miniconda3/lib/python3.13/site-packages/httpcore/_backends/auto.py", line 31, in connect_tcp
    return await self._backend.connect_tcp(
           ^^^^^^^^^^^^^^^^^^^^^^^^^^^^^^^^
    ...<5 lines>...
    )
    ^
  File "/root/miniconda3/lib/python3.13/site-packages/httpcore/_backends/anyio.py", line 113, in connect_tcp
    with map_exceptions(exc_map):
         ~~~~~~~~~~~~~~^^^^^^^^^
  File "/root/miniconda3/lib/python3.13/contextlib.py", line 162, in __exit__
    self.gen.throw(value)
    ~~~~~~~~~~~~~~^^^^^^^
  File "/root/miniconda3/lib/python3.13/site-packages/httpcore/_exceptions.py", line 14, in map_exceptions
    raise to_exc(exc) from exc
httpcore.ConnectError: All connection attempts failed

The above exception was the direct cause of the following exception:

Traceback (most recent call last):
  File "/root/miniconda3/lib/python3.13/site-packages/uvicorn/protocols/http/h11_impl.py", line 403, in run_asgi
    result = await app(  # type: ignore[func-returns-value]
             ^^^^^^^^^^^^^^^^^^^^^^^^^^^^^^^^^^^^^^^^^^^^^^
        self.scope, self.receive, self.send
        ^^^^^^^^^^^^^^^^^^^^^^^^^^^^^^^^^^^
    )
    ^
  File "/root/miniconda3/lib/python3.13/site-packages/uvicorn/middleware/proxy_headers.py", line 60, in __call__
    return await self.app(scope, receive, send)
           ^^^^^^^^^^^^^^^^^^^^^^^^^^^^^^^^^^^^
  File "/root/miniconda3/lib/python3.13/site-packages/fastapi/applications.py", line 1159, in __call__
    await super().__call__(scope, receive, send)
  File "/root/miniconda3/lib/python3.13/site-packages/starlette/applications.py", line 90, in __call__
    await self.middleware_stack(scope, receive, send)
  File "/root/miniconda3/lib/python3.13/site-packages/starlette/middleware/errors.py", line 186, in __call__
    raise exc
  File "/root/miniconda3/lib/python3.13/site-packages/starlette/middleware/errors.py", line 164, in __call__
    await self.app(scope, receive, _send)
  File "/root/miniconda3/lib/python3.13/site-packages/gradio/brotli_middleware.py", line 85, in __call__
    await br_responder(scope, receive, send)
  File "/root/miniconda3/lib/python3.13/site-packages/gradio/brotli_middleware.py", line 152, in __call__
    await self.app(scope, receive, self.send_with_brotli)
  File "/root/miniconda3/lib/python3.13/site-packages/gradio/route_utils.py", line 926, in __call__
    await self.app(scope, receive, send)
  File "/root/miniconda3/lib/python3.13/site-packages/starlette/middleware/exceptions.py", line 63, in __call__
    await wrap_app_handling_exceptions(self.app, conn)(scope, receive, send)
  File "/root/miniconda3/lib/python3.13/site-packages/starlette/_exception_handler.py", line 53, in wrapped_app
    raise exc
  File "/root/miniconda3/lib/python3.13/site-packages/starlette/_exception_handler.py", line 42, in wrapped_app
    await app(scope, receive, sender)
  File "/root/miniconda3/lib/python3.13/site-packages/fastapi/middleware/asyncexitstack.py", line 18, in __call__
    await self.app(scope, receive, send)
  File "/root/miniconda3/lib/python3.13/site-packages/starlette/routing.py", line 660, in __call__
    await self.middleware_stack(scope, receive, send)
  File "/root/miniconda3/lib/python3.13/site-packages/starlette/routing.py", line 680, in app
    await route.handle(scope, receive, send)
  File "/root/miniconda3/lib/python3.13/site-packages/starlette/routing.py", line 276, in handle
    await self.app(scope, receive, send)
  File "/root/miniconda3/lib/python3.13/site-packages/fastapi/routing.py", line 134, in app
    await wrap_app_handling_exceptions(app, request)(scope, receive, send)
  File "/root/miniconda3/lib/python3.13/site-packages/starlette/_exception_handler.py", line 53, in wrapped_app
    raise exc
  File "/root/miniconda3/lib/python3.13/site-packages/starlette/_exception_handler.py", line 42, in wrapped_app
    await app(scope, receive, sender)
  File "/root/miniconda3/lib/python3.13/site-packages/fastapi/routing.py", line 120, in app
    response = await f(request)
               ^^^^^^^^^^^^^^^^
  File "/root/miniconda3/lib/python3.13/site-packages/fastapi/routing.py", line 674, in app
    raw_response = await run_endpoint_function(
                   ^^^^^^^^^^^^^^^^^^^^^^^^^^^^
    ...<3 lines>...
    )
    ^
  File "/root/miniconda3/lib/python3.13/site-packages/fastapi/routing.py", line 328, in run_endpoint_function
    return await dependant.call(**values)
           ^^^^^^^^^^^^^^^^^^^^^^^^^^^^^^
  File "/mnt/rice/default/Workspace/yangdong/ai4research/rice_server/rice_mut/frontend/app.py", line 1405, in _backend_proxy
    upstream = await client.request(
               ^^^^^^^^^^^^^^^^^^^^^
    ...<5 lines>...
    )
    ^
  File "/root/miniconda3/lib/python3.13/site-packages/httpx/_client.py", line 1540, in request
    return await self.send(request, auth=auth, follow_redirects=follow_redirects)
           ^^^^^^^^^^^^^^^^^^^^^^^^^^^^^^^^^^^^^^^^^^^^^^^^^^^^^^^^^^^^^^^^^^^^^^
  File "/root/miniconda3/lib/python3.13/site-packages/httpx/_client.py", line 1629, in send
    response = await self._send_handling_auth(
               ^^^^^^^^^^^^^^^^^^^^^^^^^^^^^^^
    ...<4 lines>...
    )
    ^
  File "/root/miniconda3/lib/python3.13/site-packages/httpx/_client.py", line 1657, in _send_handling_auth
    response = await self._send_handling_redirects(
               ^^^^^^^^^^^^^^^^^^^^^^^^^^^^^^^^^^^^
    ...<3 lines>...
    )
    ^
  File "/root/miniconda3/lib/python3.13/site-packages/httpx/_client.py", line 1694, in _send_handling_redirects
    response = await self._send_single_request(request)
               ^^^^^^^^^^^^^^^^^^^^^^^^^^^^^^^^^^^^^^^^
  File "/root/miniconda3/lib/python3.13/site-packages/httpx/_client.py", line 1730, in _send_single_request
    response = await transport.handle_async_request(request)
               ^^^^^^^^^^^^^^^^^^^^^^^^^^^^^^^^^^^^^^^^^^^^^
  File "/root/miniconda3/lib/python3.13/site-packages/httpx/_transports/default.py", line 393, in handle_async_request
    with map_httpcore_exceptions():
         ~~~~~~~~~~~~~~~~~~~~~~~^^
  File "/root/miniconda3/lib/python3.13/contextlib.py", line 162, in __exit__
    self.gen.throw(value)
    ~~~~~~~~~~~~~~^^^^^^^
  File "/root/miniconda3/lib/python3.13/site-packages/httpx/_transports/default.py", line 118, in map_httpcore_exceptions
    raise mapped_exc(message) from exc
httpx.ConnectError: All connection attempts failed
ERROR:    Exception in ASGI application
Traceback (most recent call last):
  File "/root/miniconda3/envs/rice_reg/lib/python3.10/site-packages/httpx/_transports/default.py", line 101, in map_httpcore_exceptions
    yield
  File "/root/miniconda3/envs/rice_reg/lib/python3.10/site-packages/httpx/_transports/default.py", line 394, in handle_async_request
    resp = await self._pool.handle_async_request(req)
  File "/root/miniconda3/envs/rice_reg/lib/python3.10/site-packages/httpcore/_async/connection_pool.py", line 256, in handle_async_request
    raise exc from None
  File "/root/miniconda3/envs/rice_reg/lib/python3.10/site-packages/httpcore/_async/connection_pool.py", line 236, in handle_async_request
    response = await connection.handle_async_request(
  File "/root/miniconda3/envs/rice_reg/lib/python3.10/site-packages/httpcore/_async/connection.py", line 101, in handle_async_request
    raise exc
  File "/root/miniconda3/envs/rice_reg/lib/python3.10/site-packages/httpcore/_async/connection.py", line 78, in handle_async_request
    stream = await self._connect(request)
  File "/root/miniconda3/envs/rice_reg/lib/python3.10/site-packages/httpcore/_async/connection.py", line 124, in _connect
    stream = await self._network_backend.connect_tcp(**kwargs)
  File "/root/miniconda3/envs/rice_reg/lib/python3.10/site-packages/httpcore/_backends/auto.py", line 31, in connect_tcp
    return await self._backend.connect_tcp(
  File "/root/miniconda3/envs/rice_reg/lib/python3.10/site-packages/httpcore/_backends/anyio.py", line 113, in connect_tcp
    with map_exceptions(exc_map):
  File "/root/miniconda3/envs/rice_reg/lib/python3.10/contextlib.py", line 153, in __exit__
    self.gen.throw(typ, value, traceback)
  File "/root/miniconda3/envs/rice_reg/lib/python3.10/site-packages/httpcore/_exceptions.py", line 14, in map_exceptions
    raise to_exc(exc) from exc
httpcore.ConnectError: All connection attempts failed

The above exception was the direct cause of the following exception:

Traceback (most recent call last):
  File "/root/miniconda3/envs/rice_reg/lib/python3.10/site-packages/uvicorn/protocols/http/h11_impl.py", line 415, in run_asgi
    result = await app(  # type: ignore[func-returns-value]
  File "/root/miniconda3/envs/rice_reg/lib/python3.10/site-packages/uvicorn/middleware/proxy_headers.py", line 62, in __call__
    return await self.app(scope, receive, send)
  File "/root/miniconda3/envs/rice_reg/lib/python3.10/site-packages/fastapi/applications.py", line 1159, in __call__
    await super().__call__(scope, receive, send)
  File "/root/miniconda3/envs/rice_reg/lib/python3.10/site-packages/starlette/applications.py", line 107, in __call__
    await self.middleware_stack(scope, receive, send)
  File "/root/miniconda3/envs/rice_reg/lib/python3.10/site-packages/starlette/middleware/errors.py", line 186, in __call__
    raise exc
  File "/root/miniconda3/envs/rice_reg/lib/python3.10/site-packages/starlette/middleware/errors.py", line 164, in __call__
    await self.app(scope, receive, _send)
  File "/root/miniconda3/envs/rice_reg/lib/python3.10/site-packages/gradio/brotli_middleware.py", line 85, in __call__
    await br_responder(scope, receive, send)
  File "/root/miniconda3/envs/rice_reg/lib/python3.10/site-packages/gradio/brotli_middleware.py", line 152, in __call__
    await self.app(scope, receive, self.send_with_brotli)
  File "/root/miniconda3/envs/rice_reg/lib/python3.10/site-packages/gradio/route_utils.py", line 882, in __call__
    await self.app(scope, receive, send)
  File "/root/miniconda3/envs/rice_reg/lib/python3.10/site-packages/starlette/middleware/exceptions.py", line 63, in __call__
    await wrap_app_handling_exceptions(self.app, conn)(scope, receive, send)
  File "/root/miniconda3/envs/rice_reg/lib/python3.10/site-packages/starlette/_exception_handler.py", line 53, in wrapped_app
    raise exc
  File "/root/miniconda3/envs/rice_reg/lib/python3.10/site-packages/starlette/_exception_handler.py", line 42, in wrapped_app
    await app(scope, receive, sender)
  File "/root/miniconda3/envs/rice_reg/lib/python3.10/site-packages/fastapi/middleware/asyncexitstack.py", line 18, in __call__
    await self.app(scope, receive, send)
  File "/root/miniconda3/envs/rice_reg/lib/python3.10/site-packages/starlette/routing.py", line 716, in __call__
    await self.middleware_stack(scope, receive, send)
  File "/root/miniconda3/envs/rice_reg/lib/python3.10/site-packages/starlette/routing.py", line 736, in app
    await route.handle(scope, receive, send)
  File "/root/miniconda3/envs/rice_reg/lib/python3.10/site-packages/starlette/routing.py", line 290, in handle
    await self.app(scope, receive, send)
  File "/root/miniconda3/envs/rice_reg/lib/python3.10/site-packages/fastapi/routing.py", line 134, in app
    await wrap_app_handling_exceptions(app, request)(scope, receive, send)
  File "/root/miniconda3/envs/rice_reg/lib/python3.10/site-packages/starlette/_exception_handler.py", line 53, in wrapped_app
    raise exc
  File "/root/miniconda3/envs/rice_reg/lib/python3.10/site-packages/starlette/_exception_handler.py", line 42, in wrapped_app
    await app(scope, receive, sender)
  File "/root/miniconda3/envs/rice_reg/lib/python3.10/site-packages/fastapi/routing.py", line 120, in app
    response = await f(request)
  File "/root/miniconda3/envs/rice_reg/lib/python3.10/site-packages/fastapi/routing.py", line 674, in app
    raw_response = await run_endpoint_function(
  File "/root/miniconda3/envs/rice_reg/lib/python3.10/site-packages/fastapi/routing.py", line 328, in run_endpoint_function
    return await dependant.call(**values)
  File "/mnt/rice/default/Workspace/yangdong/ai4research/rice_server/rice_mut/frontend/app.py", line 1405, in _backend_proxy
    upstream = await client.request(
  File "/root/miniconda3/envs/rice_reg/lib/python3.10/site-packages/httpx/_client.py", line 1540, in request
    return await self.send(request, auth=auth, follow_redirects=follow_redirects)
  File "/root/miniconda3/envs/rice_reg/lib/python3.10/site-packages/httpx/_client.py", line 1629, in send
    response = await self._send_handling_auth(
  File "/root/miniconda3/envs/rice_reg/lib/python3.10/site-packages/httpx/_client.py", line 1657, in _send_handling_auth
    response = await self._send_handling_redirects(
  File "/root/miniconda3/envs/rice_reg/lib/python3.10/site-packages/httpx/_client.py", line 1694, in _send_handling_redirects
    response = await self._send_single_request(request)
  File "/root/miniconda3/envs/rice_reg/lib/python3.10/site-packages/httpx/_client.py", line 1730, in _send_single_request
    response = await transport.handle_async_request(request)
  File "/root/miniconda3/envs/rice_reg/lib/python3.10/site-packages/httpx/_transports/default.py", line 393, in handle_async_request
    with map_httpcore_exceptions():
  File "/root/miniconda3/envs/rice_reg/lib/python3.10/contextlib.py", line 153, in __exit__
    self.gen.throw(typ, value, traceback)
  File "/root/miniconda3/envs/rice_reg/lib/python3.10/site-packages/httpx/_transports/default.py", line 118, in map_httpcore_exceptions
    raise mapped_exc(message) from exc
httpx.ConnectError: All connection attempts failed
ERROR:    Exception in ASGI application
Traceback (most recent call last):
  File "/root/miniconda3/envs/rice_reg/lib/python3.10/site-packages/httpx/_transports/default.py", line 101, in map_httpcore_exceptions
    yield
  File "/root/miniconda3/envs/rice_reg/lib/python3.10/site-packages/httpx/_transports/default.py", line 394, in handle_async_request
    resp = await self._pool.handle_async_request(req)
  File "/root/miniconda3/envs/rice_reg/lib/python3.10/site-packages/httpcore/_async/connection_pool.py", line 256, in handle_async_request
    raise exc from None
  File "/root/miniconda3/envs/rice_reg/lib/python3.10/site-packages/httpcore/_async/connection_pool.py", line 236, in handle_async_request
    response = await connection.handle_async_request(
  File "/root/miniconda3/envs/rice_reg/lib/python3.10/site-packages/httpcore/_async/connection.py", line 101, in handle_async_request
    raise exc
  File "/root/miniconda3/envs/rice_reg/lib/python3.10/site-packages/httpcore/_async/connection.py", line 78, in handle_async_request
    stream = await self._connect(request)
  File "/root/miniconda3/envs/rice_reg/lib/python3.10/site-packages/httpcore/_async/connection.py", line 124, in _connect
    stream = await self._network_backend.connect_tcp(**kwargs)
  File "/root/miniconda3/envs/rice_reg/lib/python3.10/site-packages/httpcore/_backends/auto.py", line 31, in connect_tcp
    return await self._backend.connect_tcp(
  File "/root/miniconda3/envs/rice_reg/lib/python3.10/site-packages/httpcore/_backends/anyio.py", line 113, in connect_tcp
    with map_exceptions(exc_map):
  File "/root/miniconda3/envs/rice_reg/lib/python3.10/contextlib.py", line 153, in __exit__
    self.gen.throw(typ, value, traceback)
  File "/root/miniconda3/envs/rice_reg/lib/python3.10/site-packages/httpcore/_exceptions.py", line 14, in map_exceptions
    raise to_exc(exc) from exc
httpcore.ConnectError: All connection attempts failed

The above exception was the direct cause of the following exception:

Traceback (most recent call last):
  File "/root/miniconda3/envs/rice_reg/lib/python3.10/site-packages/uvicorn/protocols/http/h11_impl.py", line 415, in run_asgi
    result = await app(  # type: ignore[func-returns-value]
  File "/root/miniconda3/envs/rice_reg/lib/python3.10/site-packages/uvicorn/middleware/proxy_headers.py", line 62, in __call__
    return await self.app(scope, receive, send)
  File "/root/miniconda3/envs/rice_reg/lib/python3.10/site-packages/fastapi/applications.py", line 1159, in __call__
    await super().__call__(scope, receive, send)
  File "/root/miniconda3/envs/rice_reg/lib/python3.10/site-packages/starlette/applications.py", line 107, in __call__
    await self.middleware_stack(scope, receive, send)
  File "/root/miniconda3/envs/rice_reg/lib/python3.10/site-packages/starlette/middleware/errors.py", line 186, in __call__
    raise exc
  File "/root/miniconda3/envs/rice_reg/lib/python3.10/site-packages/starlette/middleware/errors.py", line 164, in __call__
    await self.app(scope, receive, _send)
  File "/root/miniconda3/envs/rice_reg/lib/python3.10/site-packages/gradio/brotli_middleware.py", line 85, in __call__
    await br_responder(scope, receive, send)
  File "/root/miniconda3/envs/rice_reg/lib/python3.10/site-packages/gradio/brotli_middleware.py", line 152, in __call__
    await self.app(scope, receive, self.send_with_brotli)
  File "/root/miniconda3/envs/rice_reg/lib/python3.10/site-packages/gradio/route_utils.py", line 882, in __call__
    await self.app(scope, receive, send)
  File "/root/miniconda3/envs/rice_reg/lib/python3.10/site-packages/starlette/middleware/exceptions.py", line 63, in __call__
    await wrap_app_handling_exceptions(self.app, conn)(scope, receive, send)
  File "/root/miniconda3/envs/rice_reg/lib/python3.10/site-packages/starlette/_exception_handler.py", line 53, in wrapped_app
    raise exc
  File "/root/miniconda3/envs/rice_reg/lib/python3.10/site-packages/starlette/_exception_handler.py", line 42, in wrapped_app
    await app(scope, receive, sender)
  File "/root/miniconda3/envs/rice_reg/lib/python3.10/site-packages/fastapi/middleware/asyncexitstack.py", line 18, in __call__
    await self.app(scope, receive, send)
  File "/root/miniconda3/envs/rice_reg/lib/python3.10/site-packages/starlette/routing.py", line 716, in __call__
    await self.middleware_stack(scope, receive, send)
  File "/root/miniconda3/envs/rice_reg/lib/python3.10/site-packages/starlette/routing.py", line 736, in app
    await route.handle(scope, receive, send)
  File "/root/miniconda3/envs/rice_reg/lib/python3.10/site-packages/starlette/routing.py", line 290, in handle
    await self.app(scope, receive, send)
  File "/root/miniconda3/envs/rice_reg/lib/python3.10/site-packages/fastapi/routing.py", line 134, in app
    await wrap_app_handling_exceptions(app, request)(scope, receive, send)
  File "/root/miniconda3/envs/rice_reg/lib/python3.10/site-packages/starlette/_exception_handler.py", line 53, in wrapped_app
    raise exc
  File "/root/miniconda3/envs/rice_reg/lib/python3.10/site-packages/starlette/_exception_handler.py", line 42, in wrapped_app
    await app(scope, receive, sender)
  File "/root/miniconda3/envs/rice_reg/lib/python3.10/site-packages/fastapi/routing.py", line 120, in app
    response = await f(request)
  File "/root/miniconda3/envs/rice_reg/lib/python3.10/site-packages/fastapi/routing.py", line 674, in app
    raw_response = await run_endpoint_function(
  File "/root/miniconda3/envs/rice_reg/lib/python3.10/site-packages/fastapi/routing.py", line 328, in run_endpoint_function
    return await dependant.call(**values)
  File "/mnt/rice/default/Workspace/yangdong/ai4research/rice_server/rice_mut/frontend/app.py", line 1405, in _backend_proxy
    upstream = await client.request(
  File "/root/miniconda3/envs/rice_reg/lib/python3.10/site-packages/httpx/_client.py", line 1540, in request
    return await self.send(request, auth=auth, follow_redirects=follow_redirects)
  File "/root/miniconda3/envs/rice_reg/lib/python3.10/site-packages/httpx/_client.py", line 1629, in send
    response = await self._send_handling_auth(
  File "/root/miniconda3/envs/rice_reg/lib/python3.10/site-packages/httpx/_client.py", line 1657, in _send_handling_auth
    response = await self._send_handling_redirects(
  File "/root/miniconda3/envs/rice_reg/lib/python3.10/site-packages/httpx/_client.py", line 1694, in _send_handling_redirects
    response = await self._send_single_request(request)
  File "/root/miniconda3/envs/rice_reg/lib/python3.10/site-packages/httpx/_client.py", line 1730, in _send_single_request
    response = await transport.handle_async_request(request)
  File "/root/miniconda3/envs/rice_reg/lib/python3.10/site-packages/httpx/_transports/default.py", line 393, in handle_async_request
    with map_httpcore_exceptions():
  File "/root/miniconda3/envs/rice_reg/lib/python3.10/contextlib.py", line 153, in __exit__
    self.gen.throw(typ, value, traceback)
  File "/root/miniconda3/envs/rice_reg/lib/python3.10/site-packages/httpx/_transports/default.py", line 118, in map_httpcore_exceptions
    raise mapped_exc(message) from exc
httpx.ConnectError: All connection attempts failed
